Component: ARM Compiler 5.06 update 6 (build 750) Tool: armlink [4d35ed]

==============================================================================

Section Cross References

    main.o(.text) refers to kservice.o(.text) for rt_kprintf
    main.o(.text) refers to thread.o(.text) for rt_thread_mdelay
    main.o(.text) refers to main.o(.data) for tid_1
    main.o(.text) refers to main.o(.bss) for thread2_stack
    main.o(FSymTab) refers to main.o(.rodata.name) for __fsym___cmd_thread_sample1_name
    main.o(FSymTab) refers to main.o(.text) for thread_sample1
    board.o(.text) refers to stm32f1xx_hal_cortex.o(.text) for HAL_NVIC_SetPriorityGrouping
    board.o(.text) refers to stm32f1xx_hal_rcc.o(.text) for HAL_RCC_OscConfig
    board.o(.text) refers to kservice.o(.text) for rt_assert_handler
    board.o(.text) refers to irq.o(.text) for rt_interrupt_enter
    board.o(.text) refers to stm32f1xx_hal.o(.text) for HAL_IncTick
    board.o(.text) refers to clock.o(.text) for rt_tick_increase
    board.o(.text) refers to mem.o(.text) for rt_system_heap_init
    board.o(.text) refers to components.o(.text) for rt_components_board_init
    board.o(.text) refers to board.o(.constdata) for __FUNCTION__
    board.o(.text) refers to board.o(.conststring) for .conststring
    drv_gpio.o(.text) refers to stm32f1xx_hal_gpio.o(.text) for HAL_GPIO_WritePin
    drv_gpio.o(.text) refers to context_rvds.o(.text) for rt_hw_interrupt_disable
    drv_gpio.o(.text) refers to stm32f1xx_hal_cortex.o(.text) for HAL_NVIC_SetPriority
    drv_gpio.o(.text) refers to drv_gpio.o(.constdata) for pins
    drv_gpio.o(.text) refers to drv_gpio.o(.data) for pin_irq_hdr_tab
    drv_gpio.o(.text) refers to pin.o(.text) for rt_device_pin_register
    drv_gpio.o(.text) refers to irq.o(.text) for rt_interrupt_enter
    drv_gpio.o(.constdata) refers to drv_gpio.o(.text) for GPIOE_CLK_ENABLE
    drv_gpio.o(.rti_fn.1) refers to drv_gpio.o(.text) for rt_hw_pin_init
    drv_usart.o(.text) refers to kservice.o(.text) for rt_assert_handler
    drv_usart.o(.text) refers to stm32f1xx_hal_uart.o(.text) for HAL_UART_Init
    drv_usart.o(.text) refers to serial.o(.text) for rt_hw_serial_isr
    drv_usart.o(.text) refers to irq.o(.text) for rt_interrupt_enter
    drv_usart.o(.text) refers to stm32f1xx_hal_gpio.o(.text) for HAL_GPIO_Init
    drv_usart.o(.text) refers to stm32f1xx_hal_cortex.o(.text) for HAL_NVIC_SetPriority
    drv_usart.o(.text) refers to drv_usart.o(.constdata) for __FUNCTION__
    drv_usart.o(.text) refers to drv_usart.o(.bss) for serial1
    drv_usart.o(.text) refers to drv_usart.o(.data) for uart1
    drv_usart.o(.constdata) refers to drv_usart.o(.text) for stm32_configure
    drv_usart.o(.rti_fn.1) refers to drv_usart.o(.text) for rt_hw_usart_init
    system_stm32f1xx.o(.text) refers to system_stm32f1xx.o(.data) for SystemCoreClock
    system_stm32f1xx.o(.text) refers to system_stm32f1xx.o(.constdata) for AHBPrescTable
    stm32f1xx_hal_gpio.o(.text) refers to drv_gpio.o(.text) for HAL_GPIO_EXTI_Callback
    stm32f1xx_hal_flash.o(.text) refers to stm32f1xx_hal.o(.text) for HAL_GetTick
    stm32f1xx_hal_flash.o(.text) refers to llushr.o(.text) for __aeabi_llsr
    stm32f1xx_hal_flash.o(.text) refers to stm32f1xx_hal_flash_ex.o(.text) for FLASH_PageErase
    stm32f1xx_hal_flash.o(.text) refers to stm32f1xx_hal_flash.o(.bss) for pFlash
    stm32f1xx_hal_flash.o(.text) refers to stm32f1xx_hal_cortex.o(.text) for HAL_NVIC_SystemReset
    stm32f1xx_hal_flash_ex.o(.text) refers to stm32f1xx_hal_flash.o(.text) for FLASH_WaitForLastOperation
    stm32f1xx_hal_flash_ex.o(.text) refers to stm32f1xx_hal_flash.o(.bss) for pFlash
    stm32f1xx_hal_dma.o(.text) refers to stm32f1xx_hal.o(.text) for HAL_GetTick
    stm32f1xx_hal_rcc.o(.text) refers to stm32f1xx_hal.o(.text) for HAL_GetTick
    stm32f1xx_hal_rcc.o(.text) refers to system_stm32f1xx.o(.data) for SystemCoreClock
    stm32f1xx_hal_rcc.o(.text) refers to stm32f1xx_hal_gpio.o(.text) for HAL_GPIO_Init
    stm32f1xx_hal_rcc.o(.text) refers to system_stm32f1xx.o(.constdata) for AHBPrescTable
    stm32f1xx_hal_rcc_ex.o(.text) refers to stm32f1xx_hal.o(.text) for HAL_GetTick
    stm32f1xx_hal_rcc_ex.o(.text) refers to stm32f1xx_hal_rcc.o(.text) for HAL_RCC_GetSysClockFreq
    stm32f1xx_hal_tim.o(.text) refers to stm32f1xx_hal_dma.o(.text) for HAL_DMA_Start_IT
    stm32f1xx_hal_tim.o(.text) refers to stm32f1xx_hal_tim_ex.o(.text) for HAL_TIMEx_BreakCallback
    stm32f1xx_hal_tim_ex.o(.text) refers to stm32f1xx_hal_tim.o(.text) for TIM_Base_SetConfig
    stm32f1xx_hal_tim_ex.o(.text) refers to stm32f1xx_hal_dma.o(.text) for HAL_DMA_Start_IT
    stm32f1xx_hal_uart.o(.text) refers to stm32f1xx_hal_rcc.o(.text) for HAL_RCC_GetPCLK2Freq
    stm32f1xx_hal_uart.o(.text) refers to drv_usart.o(.text) for HAL_UART_MspInit
    stm32f1xx_hal_uart.o(.text) refers to stm32f1xx_hal.o(.text) for HAL_GetTick
    stm32f1xx_hal_uart.o(.text) refers to stm32f1xx_hal_dma.o(.text) for HAL_DMA_Start_IT
[...]
    _clock_init                               - Undefined Weak Reference
    _microlib_exit                            - Undefined Weak Reference
    __Vectors_Size                           0x00000130   Number         0  startup_stm32f103xe.o ABSOLUTE
    __Vectors                                0x08000000   Data           4  startup_stm32f103xe.o(RESET)
    __Vectors_End                            0x08000130   Data           0  startup_stm32f103xe.o(RESET)
    __main                                   0x08000131   Thumb Code     0  entry.o(.ARM.Collect$$$$00000000)
    _main_stk                                0x08000131   Thumb Code     0  entry2.o(.ARM.Collect$$$$00000001)
    _main_scatterload                        0x08000135   Thumb Code     0  entry5.o(.ARM.Collect$$$$00000004)
    __main_after_scatterload                 0x08000139   Thumb Code     0  entry5.o(.ARM.Collect$$$$00000004)
    _main_clock                              0x08000139   Thumb Code     0  entry7b.o(.ARM.Collect$$$$00000008)
    _main_cpp_init                           0x08000139   Thumb Code     0  entry8b.o(.ARM.Collect$$$$0000000A)
    _main_init                               0x08000139   Thumb Code     0  entry9a.o(.ARM.Collect$$$$0000000B)
    __rt_final_cpp                           0x08000141   Thumb Code     0  entry10a.o(.ARM.Collect$$$$0000000D)
    __rt_final_exit                          0x08000141   Thumb Code     0  entry11a.o(.ARM.Collect$$$$0000000F)
    $Super$$main                             0x0800017d   Thumb Code     4  main.o(.text)
    thread_sample1                           0x08000181   Thumb Code    84  main.o(.text)
    HAL_MspInit                              0x08000231   Thumb Code   140  board.o(.text)
    SystemClock_Config                       0x080002bd   Thumb Code   130  board.o(.text)
    SysTick_Handler                          0x0800033f   Thumb Code    20  board.o(.text)
    rt_hw_board_init                         0x08000353   Thumb Code    30  board.o(.text)
    NMI_Handler                              0x080003c1   Thumb Code     2  stm32f1xx_it.o(.text)
    MemManage_Handler                        0x080003c3   Thumb Code     4  stm32f1xx_it.o(.text)
    BusFault_Handler                         0x080003c7   Thumb Code     4  stm32f1xx_it.o(.text)
    UsageFault_Handler                       0x080003cb   Thumb Code     4  stm32f1xx_it.o(.text)
    DebugMon_Handler                         0x080003cf   Thumb Code     2  stm32f1xx_it.o(.text)
    get_pin                                  0x080004b1   Thumb Code    26  drv_gpio.o(.text)
    stm32_pin_write                          0x080004cb   Thumb Code    40  drv_gpio.o(.text)
    stm32_pin_read                           0x080004f3   Thumb Code    42  drv_gpio.o(.text)
    stm32_pin_mode                           0x0800051d   Thumb Code   120  drv_gpio.o(.text)
    stm32_pin_attach_irq                     0x080005b3   Thumb Code   216  drv_gpio.o(.text)
    stm32_pin_dettach_irq                    0x0800068b   Thumb Code   134  drv_gpio.o(.text)
    stm32_pin_irq_enable                     0x08000711   Thumb Code   288  drv_gpio.o(.text)
    rt_hw_pin_init                           0x08000831   Thumb Code    18  drv_gpio.o(.text)
    HAL_GPIO_EXTI_Callback                   0x08000843   Thumb Code    54  drv_gpio.o(.text)
    EXTI0_IRQHandler                         0x08000879   Thumb Code    18  drv_gpio.o(.text)
    EXTI1_IRQHandler                         0x0800088b   Thumb Code    18  drv_gpio.o(.text)
    EXTI2_IRQHandler                         0x0800089d   Thumb Code    18  drv_gpio.o(.text)
    EXTI3_IRQHandler                         0x080008af   Thumb Code    18  drv_gpio.o(.text)
    EXTI4_IRQHandler                         0x080008c1   Thumb Code    18  drv_gpio.o(.text)
    EXTI9_5_IRQHandler                       0x080008d3   Thumb Code    46  drv_gpio.o(.text)
    EXTI15_10_IRQHandler                     0x08000901   Thumb Code    60  drv_gpio.o(.text)
    USART1_IRQHandler                        0x08000b07   Thumb Code    18  drv_usart.o(.text)
    rt_hw_usart_init                         0x08000b4b   Thumb Code    58  drv_usart.o(.text)
    HAL_UART_MspInit                         0x08000b85   Thumb Code   366  drv_usart.o(.text)
    HAL_UART_MspDeInit                       0x08000cf3   Thumb Code   280  drv_usart.o(.text)
    SystemInit                               0x08000e19   Thumb Code    70  system_stm32f1xx.o(.text)
    SystemCoreClockUpdate                    0x08000e5f   Thumb Code   142  system_stm32f1xx.o(.text)
    HAL_GPIO_Init                            0x08000f0d   Thumb Code   790  stm32f1xx_hal_gpio.o(.text)
    HAL_GPIO_DeInit                          0x08001223   Thumb Code   312  stm32f1xx_hal_gpio.o(.text)
    HAL_GPIO_ReadPin                         0x0800135b   Thumb Code    16  stm32f1xx_hal_gpio.o(.text)
    HAL_GPIO_WritePin                        0x0800136b   Thumb Code    12  stm32f1xx_hal_gpio.o(.text)
    HAL_GPIO_TogglePin                       0x08001377   Thumb Code     8  stm32f1xx_hal_gpio.o(.text)
    HAL_GPIO_LockPin                         0x0800137f   Thumb Code    46  stm32f1xx_hal_gpio.o(.text)
    HAL_GPIO_EXTI_IRQHandler                 0x080013af   Thumb Code    28  stm32f1xx_hal_gpio.o(.text)
    HAL_DMA_Init                             0x080013f5   Thumb Code   140  stm32f1xx_hal_dma.o(.text)
    HAL_DMA_DeInit                           0x08001481   Thumb Code   124  stm32f1xx_hal_dma.o(.text)
    HAL_DMA_Start                            0x08001529   Thumb Code   114  stm32f1xx_hal_dma.o(.text)
    HAL_DMA_Start_IT                         0x0800159b   Thumb Code   156  stm32f1xx_hal_dma.o(.text)
    HAL_DMA_Abort                            0x08001637   Thumb Code    58  stm32f1xx_hal_dma.o(.text)
    HAL_DMA_Abort_IT                         0x08001671   Thumb Code   422  stm32f1xx_hal_dma.o(.text)
    HAL_DMA_PollForTransfer                  0x08001817   Thumb Code  1614  stm32f1xx_hal_dma.o(.text)
    HAL_DMA_IRQHandler                       0x08001e65   Thumb Code   922  stm32f1xx_hal_dma.o(.text)
    HAL_DMA_RegisterCallback                 0x080021ff   Thumb Code    90  stm32f1xx_hal_dma.o(.text)
    HAL_DMA_UnRegisterCallback               0x08002259   Thumb Code   106  stm32f1xx_hal_dma.o(.text)
    HAL_DMA_GetState                         0x080022c3   Thumb Code     8  stm32f1xx_hal_dma.o(.text)
    HAL_DMA_GetError                         0x080022cb   Thumb Code     6  stm32f1xx_hal_dma.o(.text)
    HAL_NVIC_SetPriorityGrouping             0x080022f9   Thumb Code    36  stm32f1xx_hal_cortex.o(.text)
    HAL_NVIC_SetPriority                     0x0800231d   Thumb Code   124  stm32f1xx_hal_cortex.o(.text)
    HAL_NVIC_EnableIRQ                       0x08002399   Thumb Code    26  stm32f1xx_hal_cortex.o(.text)
    HAL_NVIC_DisableIRQ                      0x080023b3   Thumb Code    22  stm32f1xx_hal_cortex.o(.text)
    HAL_NVIC_SystemReset                     0x080023c9   Thumb Code    64  stm32f1xx_hal_cortex.o(.text)
    HAL_SYSTICK_Config                       0x08002409   Thumb Code    52  stm32f1xx_hal_cortex.o(.text)
    HAL_NVIC_GetPriorityGrouping             0x0800243d   Thumb Code     8  stm32f1xx_hal_cortex.o(.text)
    HAL_NVIC_GetPriority                     0x08002445   Thumb Code   138  stm32f1xx_hal_cortex.o(.text)
    HAL_NVIC_SetPendingIRQ                   0x080024cf   Thumb Code    24  stm32f1xx_hal_cortex.o(.text)
    HAL_NVIC_GetPendingIRQ                   0x080024e7   Thumb Code    38  stm32f1xx_hal_cortex.o(.text)
    HAL_NVIC_ClearPendingIRQ                 0x0800250d   Thumb Code    22  stm32f1xx_hal_cortex.o(.text)
    HAL_NVIC_GetActive                       0x08002523   Thumb Code    38  stm32f1xx_hal_cortex.o(.text)
    HAL_SYSTICK_CLKSourceConfig              0x08002549   Thumb Code    40  stm32f1xx_hal_cortex.o(.text)
    HAL_SYSTICK_Callback                     0x08002571   Thumb Code     2  stm32f1xx_hal_cortex.o(.text)
    HAL_SYSTICK_IRQHandler                   0x08002573   Thumb Code     8  stm32f1xx_hal_cortex.o(.text)
    HAL_RCC_DeInit                           0x0800259d   Thumb Code    64  stm32f1xx_hal_rcc.o(.text)
    HAL_RCC_OscConfig                        0x08002601   Thumb Code  1090  stm32f1xx_hal_rcc.o(.text)
    HAL_RCC_GetSysClockFreq                  0x08002a43   Thumb Code   118  stm32f1xx_hal_rcc.o(.text)
    HAL_RCC_ClockConfig                      0x08002ab9   Thumb Code   402  stm32f1xx_hal_rcc.o(.text)
    HAL_RCC_MCOConfig                        0x08002c4b   Thumb Code    92  stm32f1xx_hal_rcc.o(.text)
    HAL_RCC_EnableCSS                        0x08002ca7   Thumb Code     8  stm32f1xx_hal_rcc.o(.text)
    HAL_RCC_DisableCSS                       0x08002caf   Thumb Code     8  stm32f1xx_hal_rcc.o(.text)
    HAL_RCC_GetHCLKFreq                      0x08002cb7   Thumb Code     6  stm32f1xx_hal_rcc.o(.text)
    HAL_RCC_GetPCLK1Freq                     0x08002cbd   Thumb Code    22  stm32f1xx_hal_rcc.o(.text)
    HAL_RCC_GetPCLK2Freq                     0x08002cd3   Thumb Code    22  stm32f1xx_hal_rcc.o(.text)
    HAL_RCC_GetOscConfig                     0x08002ce9   Thumb Code   254  stm32f1xx_hal_rcc.o(.text)
    HAL_RCC_GetClockConfig                   0x08002de7   Thumb Code    58  stm32f1xx_hal_rcc.o(.text)
    HAL_RCC_CSSCallback                      0x08002e21   Thumb Code     2  stm32f1xx_hal_rcc.o(.text)
    HAL_RCC_NMI_IRQHandler                   0x08002e23   Thumb Code    26  stm32f1xx_hal_rcc.o(.text)
    HAL_UART_Init                            0x08003009   Thumb Code   114  stm32f1xx_hal_uart.o(.text)
    HAL_HalfDuplex_Init                      0x0800307b   Thumb Code   118  stm32f1xx_hal_uart.o(.text)
    HAL_LIN_Init                             0x080030f1   Thumb Code   134  stm32f1xx_hal_uart.o(.text)
    HAL_MultiProcessor_Init                  0x08003177   Thumb Code   138  stm32f1xx_hal_uart.o(.text)
    HAL_UART_DeInit                          0x08003203   Thumb Code    46  stm32f1xx_hal_uart.o(.text)
    HAL_UART_Transmit                        0x080032a1   Thumb Code   214  stm32f1xx_hal_uart.o(.text)
    HAL_UART_Receive                         0x08003377   Thumb Code   222  stm32f1xx_hal_uart.o(.text)
    HAL_UART_Transmit_IT                     0x08003455   Thumb Code    88  stm32f1xx_hal_uart.o(.text)
    HAL_UART_Receive_IT                      0x080034ad   Thumb Code   112  stm32f1xx_hal_uart.o(.text)
    HAL_UART_ErrorCallback                   0x0800351d   Thumb Code     2  stm32f1xx_hal_uart.o(.text)
    HAL_UART_TxHalfCpltCallback              0x080035a3   Thumb Code     2  stm32f1xx_hal_uart.o(.text)
    HAL_UART_TxCpltCallback                  0x080035b3   Thumb Code     2  stm32f1xx_hal_uart.o(.text)
    HAL_UART_Transmit_DMA                    0x080035eb   Thumb Code   142  stm32f1xx_hal_uart.o(.text)
    HAL_UART_RxHalfCpltCallback              0x08003679   Thumb Code     2  stm32f1xx_hal_uart.o(.text)
    HAL_UART_RxCpltCallback                  0x08003689   Thumb Code     2  stm32f1xx_hal_uart.o(.text)
    HAL_UART_Receive_DMA                     0x080036d1   Thumb Code   182  stm32f1xx_hal_uart.o(.text)
    HAL_UART_DMAPause                        0x08003787   Thumb Code   124  stm32f1xx_hal_uart.o(.text)
    HAL_UART_DMAResume                       0x08003803   Thumb Code   126  stm32f1xx_hal_uart.o(.text)
    HAL_UART_DMAStop                         0x08003881   Thumb Code   102  stm32f1xx_hal_uart.o(.text)
    HAL_UART_Abort                           0x080038e7   Thumb Code   126  stm32f1xx_hal_uart.o(.text)
    HAL_UART_AbortTransmit                   0x08003965   Thumb Code    68  stm32f1xx_hal_uart.o(.text)
    HAL_UART_AbortReceive                    0x080039a9   Thumb Code    80  stm32f1xx_hal_uart.o(.text)
    HAL_UART_AbortCpltCallback               0x080039f9   Thumb Code     2  stm32f1xx_hal_uart.o(.text)
    HAL_UART_Abort_IT                        0x08003a79   Thumb Code   208  stm32f1xx_hal_uart.o(.text)
    HAL_UART_AbortTransmitCpltCallback       0x08003b49   Thumb Code     2  stm32f1xx_hal_uart.o(.text)
    HAL_UART_AbortTransmit_IT                0x08003b63   Thumb Code   102  stm32f1xx_hal_uart.o(.text)
    HAL_UART_AbortReceiveCpltCallback        0x08003bc9   Thumb Code     2  stm32f1xx_hal_uart.o(.text)
    HAL_UART_AbortReceive_IT                 0x08003be3   Thumb Code   114  stm32f1xx_hal_uart.o(.text)
    HAL_UART_IRQHandler                      0x08003d97   Thumb Code   348  stm32f1xx_hal_uart.o(.text)
    HAL_LIN_SendBreak                        0x08003ef3   Thumb Code    62  stm32f1xx_hal_uart.o(.text)
    HAL_MultiProcessor_EnterMuteMode         0x08003f31   Thumb Code    62  stm32f1xx_hal_uart.o(.text)
    HAL_MultiProcessor_ExitMuteMode          0x08003f6f   Thumb Code    62  stm32f1xx_hal_uart.o(.text)
    HAL_HalfDuplex_EnableTransmitter         0x08003fad   Thumb Code    68  stm32f1xx_hal_uart.o(.text)
    HAL_HalfDuplex_EnableReceiver            0x08003ff1   Thumb Code    68  stm32f1xx_hal_uart.o(.text)
    HAL_UART_GetState                        0x08004035   Thumb Code    20  stm32f1xx_hal_uart.o(.text)
    HAL_UART_GetError                        0x08004049   Thumb Code     6  stm32f1xx_hal_uart.o(.text)
    HAL_InitTick                             0x08004053   Thumb Code    36  stm32f1xx_hal.o(.text)
    HAL_Init                                 0x08004077   Thumb Code    34  stm32f1xx_hal.o(.text)
    HAL_MspDeInit                            0x08004099   Thumb Code     2  stm32f1xx_hal.o(.text)
    HAL_DeInit                               0x0800409b   Thumb Code    30  stm32f1xx_hal.o(.text)
    HAL_IncTick                              0x080040b9   Thumb Code    12  stm32f1xx_hal.o(.text)
    HAL_GetTick                              0x080040c5   Thumb Code     6  stm32f1xx_hal.o(.text)
    HAL_Delay                                0x080040cb   Thumb Code    30  stm32f1xx_hal.o(.text)
    HAL_SuspendTick                          0x080040e9   Thumb Code    18  stm32f1xx_hal.o(.text)
    HAL_ResumeTick                           0x080040fb   Thumb Code    18  stm32f1xx_hal.o(.text)
    HAL_GetHalVersion                        0x0800410d   Thumb Code     4  stm32f1xx_hal.o(.text)
    HAL_GetREVID                             0x08004111   Thumb Code     8  stm32f1xx_hal.o(.text)
    HAL_GetDEVID                             0x08004119   Thumb Code    10  stm32f1xx_hal.o(.text)
    HAL_DBGMCU_EnableDBGSleepMode            0x08004123   Thumb Code    14  stm32f1xx_hal.o(.text)
    HAL_DBGMCU_DisableDBGSleepMode           0x08004131   Thumb Code    14  stm32f1xx_hal.o(.text)
    HAL_DBGMCU_EnableDBGStopMode             0x0800413f   Thumb Code    14  stm32f1xx_hal.o(.text)
    HAL_DBGMCU_DisableDBGStopMode            0x0800414d   Thumb Code    14  stm32f1xx_hal.o(.text)
    HAL_DBGMCU_EnableDBGStandbyMode          0x0800415b   Thumb Code    14  stm32f1xx_hal.o(.text)
    HAL_DBGMCU_DisableDBGStandbyMode         0x08004169   Thumb Code    14  stm32f1xx_hal.o(.text)
    HAL_GetUID                               0x08004177   Thumb Code    24  stm32f1xx_hal.o(.text)
    Reset_Handler                            0x080041ad   Thumb Code     8  startup_stm32f103xe.o(.text)
    SVC_Handler                              0x080041bf   Thumb Code     2  startup_stm32f103xe.o(.text)
    ADC1_2_IRQHandler                        0x080041c7   Thumb Code     0  startup_stm32f103xe.o(.text)
    ADC3_IRQHandler                          0x080041c7   Thumb Code     0  startup_stm32f103xe.o(.text)
    CAN1_RX1_IRQHandler                      0x080041c7   Thumb Code     0  startup_stm32f103xe.o(.text)
    CAN1_SCE_IRQHandler                      0x080041c7   Thumb Code     0  startup_stm32f103xe.o(.text)
    DMA1_Channel1_IRQHandler                 0x080041c7   Thumb Code     0  startup_stm32f103xe.o(.text)
    DMA1_Channel2_IRQHandler                 0x080041c7   Thumb Code     0  startup_stm32f103xe.o(.text)
    DMA1_Channel3_IRQHandler                 0x080041c7   Thumb Code     0  startup_stm32f103xe.o(.text)
    DMA1_Channel4_IRQHandler                 0x080041c7   Thumb Code     0  startup_stm32f103xe.o(.text)
    DMA1_Channel5_IRQHandler                 0x080041c7   Thumb Code     0  startup_stm32f103xe.o(.text)
    DMA1_Channel6_IRQHandler                 0x080041c7   Thumb Code     0  startup_stm32f103xe.o(.text)
    DMA1_Channel7_IRQHandler                 0x080041c7   Thumb Code     0  startup_stm32f103xe.o(.text)
    DMA2_Channel1_IRQHandler                 0x080041c7   Thumb Code     0  startup_stm32f103xe.o(.text)
    DMA2_Channel2_IRQHandler                 0x080041c7   Thumb Code     0  startup_stm32f103xe.o(.text)
    DMA2_Channel3_IRQHandler                 0x080041c7   Thumb Code     0  startup_stm32f103xe.o(.text)
    DMA2_Channel4_5_IRQHandler               0x080041c7   Thumb Code     0  startup_stm32f103xe.o(.text)
    FLASH_IRQHandler                         0x080041c7   Thumb Code     0  startup_stm32f103xe.o(.text)
    FSMC_IRQHandler                          0x080041c7   Thumb Code     0  startup_stm32f103xe.o(.text)
    I2C1_ER_IRQHandler                       0x080041c7   Thumb Code     0  startup_stm32f103xe.o(.text)
    I2C1_EV_IRQHandler                       0x080041c7   Thumb Code     0  startup_stm32f103xe.o(.text)
    I2C2_ER_IRQHandler                       0x080041c7   Thumb Code     0  startup_stm32f103xe.o(.text)
    I2C2_EV_IRQHandler                       0x080041c7   Thumb Code     0  startup_stm32f103xe.o(.text)
    PVD_IRQHandler                           0x080041c7   Thumb Code     0  startup_stm32f103xe.o(.text)
    RCC_IRQHandler                           0x080041c7   Thumb Code     0  startup_stm32f103xe.o(.text)
    RTC_Alarm_IRQHandler                     0x080041c7   Thumb Code     0  startup_stm32f103xe.o(.text)
    RTC_IRQHandler                           0x080041c7   Thumb Code     0  startup_stm32f103xe.o(.text)
    SDIO_IRQHandler                          0x080041c7   Thumb Code     0  startup_stm32f103xe.o(.text)
    SPI1_IRQHandler                          0x080041c7   Thumb Code     0  startup_stm32f103xe.o(.text)
    SPI2_IRQHandler                          0x080041c7   Thumb Code     0  startup_stm32f103xe.o(.text)
    SPI3_IRQHandler                          0x080041c7   Thumb Code     0  startup_stm32f103xe.o(.text)
    TAMPER_IRQHandler                        0x080041c7   Thumb Code     0  startup_stm32f103xe.o(.text)
    TIM1_BRK_IRQHandler                      0x080041c7   Thumb Code     0  startup_stm32f103xe.o(.text)
    TIM1_CC_IRQHandler                       0x080041c7   Thumb Code     0  startup_stm32f103xe.o(.text)
    TIM1_TRG_COM_IRQHandler                  0x080041c7   Thumb Code     0  startup_stm32f103xe.o(.text)
    TIM1_UP_IRQHandler                       0x080041c7   Thumb Code     0  startup_stm32f103xe.o(.text)
    TIM2_IRQHandler                          0x080041c7   Thumb Code     0  startup_stm32f103xe.o(.text)
    TIM3_IRQHandler                          0x080041c7   Thumb Code     0  startup_stm32f103xe.o(.text)
    TIM4_IRQHandler                          0x080041c7   Thumb Code     0  startup_stm32f103xe.o(.text)
    TIM5_IRQHandler                          0x080041c7   Thumb Code     0  startup_stm32f103xe.o(.text)
    TIM6_IRQHandler                          0x080041c7   Thumb Code     0  startup_stm32f103xe.o(.text)
    TIM7_IRQHandler                          0x080041c7   Thumb Code     0  startup_stm32f103xe.o(.text)
    TIM8_BRK_IRQHandler                      0x080041c7   Thumb Code     0  startup_stm32f103xe.o(.text)
    TIM8_CC_IRQHandler                       0x080041c7   Thumb Code     0  startup_stm32f103xe.o(.text)
    TIM8_TRG_COM_IRQHandler                  0x080041c7   Thumb Code     0  startup_stm32f103xe.o(.text)
    TIM8_UP_IRQHandler                       0x080041c7   Thumb Code     0  startup_stm32f103xe.o(.text)
    UART4_IRQHandler                         0x080041c7   Thumb Code     0  startup_stm32f103xe.o(.text)
    UART5_IRQHandler                         0x080041c7   Thumb Code     0  startup_stm32f103xe.o(.text)
    USART2_IRQHandler                        0x080041c7   Thumb Code     0  startup_stm32f103xe.o(.text)
    USART3_IRQHandler                        0x080041c7   Thumb Code     0  startup_stm32f103xe.o(.text)
    USBWakeUp_IRQHandler                     0x080041c7   Thumb Code     0  startup_stm32f103xe.o(.text)
    USB_HP_CAN1_TX_IRQHandler                0x080041c7   Thumb Code     0  startup_stm32f103xe.o(.text)
    USB_LP_CAN1_RX0_IRQHandler               0x080041c7   Thumb Code     0  startup_stm32f103xe.o(.text)
    WWDG_IRQHandler                          0x080041c7   Thumb Code     0  startup_stm32f103xe.o(.text)
    rt_system_tick_init                      0x080041d1   Thumb Code     2  clock.o(.text)
    rt_tick_get                              0x080041d3   Thumb Code     6  clock.o(.text)
    rt_tick_set                              0x080041d9   Thumb Code    22  clock.o(.text)
    rt_tick_increase                         0x080041ef   Thumb Code    42  clock.o(.text)
    rt_tick_from_millisecond                 0x08004219   Thumb Code    30  clock.o(.text)
    rt_components_board_init                 0x0800424d   Thumb Code    20  components.o(.text)
    rt_components_init                       0x08004261   Thumb Code    20  components.o(.text)
    main_thread_entry                        0x08004275   Thumb Code    14  components.o(.text)
    rt_application_init                      0x08004283   Thumb Code    48  components.o(.text)
    rtthread_startup                         0x080042b3   Thumb Code    46  components.o(.text)
    main                                     0x080042e1   Thumb Code    14  components.o(.text)
    rt_device_find                           0x08004319   Thumb Code    94  device.o(.text)
    rt_device_register                       0x08004377   Thumb Code    52  device.o(.text)
    rt_device_unregister                     0x080043ab   Thumb Code    64  device.o(.text)
    rt_device_init_all                       0x080043eb   Thumb Code     4  device.o(.text)
    rt_device_create                         0x080043ef   Thumb Code    46  device.o(.text)
    rt_device_destroy                        0x0800441d   Thumb Code    68  device.o(.text)
    rt_device_init                           0x08004461   Thumb Code    64  device.o(.text)
    rt_device_open                           0x080044a1   Thumb Code   174  device.o(.text)
    rt_device_close                          0x0800454f   Thumb Code    92  device.o(.text)
    rt_device_read                           0x080045ab   Thumb Code    98  device.o(.text)
    rt_device_write                          0x0800460d   Thumb Code    98  device.o(.text)
    rt_device_control                        0x0800466f   Thumb Code    66  device.o(.text)
    rt_device_set_rx_indicate                0x080046b1   Thumb Code    48  device.o(.text)
    rt_device_set_tx_complete                0x080046e1   Thumb Code   360  device.o(.text)
    rt_thread_idle_sethook                   0x08004849   Thumb Code    58  idle.o(.text)
    rt_thread_idle_delhook                   0x08004883   Thumb Code    62  idle.o(.text)
    rt_thread_idle_excute                    0x080048c1   Thumb Code   178  idle.o(.text)
    rt_thread_idle_init                      0x08004995   Thumb Code    38  idle.o(.text)
    rt_thread_idle_gethandler                0x080049bb   Thumb Code     4  idle.o(.text)
    rt_sem_init                              0x08004ac9   Thumb Code    50  ipc.o(.text)
    rt_sem_detach                            0x08004afb   Thumb Code    72  ipc.o(.text)
    rt_sem_create                            0x08004b43   Thumb Code    84  ipc.o(.text)
    rt_sem_delete                            0x08004b97   Thumb Code   120  ipc.o(.text)
    rt_sem_take                              0x08004c0f   Thumb Code   288  ipc.o(.text)
    rt_sem_trytake                           0x08004d2f   Thumb Code    14  ipc.o(.text)
    rt_sem_release                           0x08004d3d   Thumb Code   116  ipc.o(.text)
    rt_sem_control                           0x08004db1   Thumb Code    90  ipc.o(.text)
    rt_mutex_init                            0x08004e0b   Thumb Code    58  ipc.o(.text)
    rt_mutex_detach                          0x08004e45   Thumb Code    78  ipc.o(.text)
    rt_mutex_create                          0x08004e93   Thumb Code   454  ipc.o(.text)
    rt_mutex_delete                          0x08005059   Thumb Code   126  ipc.o(.text)
    rt_mutex_take                            0x080050d7   Thumb Code   374  ipc.o(.text)
    rt_mutex_release                         0x0800524d   Thumb Code   310  ipc.o(.text)
    rt_mutex_control                         0x08005383   Thumb Code    52  ipc.o(.text)
    rt_event_init                            0x080053b7   Thumb Code    46  ipc.o(.text)
    rt_event_detach                          0x080053e5   Thumb Code    78  ipc.o(.text)
    rt_event_create                          0x08005433   Thumb Code   276  ipc.o(.text)
    rt_event_delete                          0x08005547   Thumb Code   126  ipc.o(.text)
    rt_event_send                            0x080055c5   Thumb Code   234  ipc.o(.text)
    rt_event_recv                            0x080056af   Thumb Code   402  ipc.o(.text)
    rt_event_control                         0x08005841   Thumb Code    92  ipc.o(.text)
    rt_mb_init                               0x0800589d   Thumb Code    76  ipc.o(.text)
    rt_mb_detach                             0x080058e9   Thumb Code   216  ipc.o(.text)
    rt_mb_create                             0x080059c1   Thumb Code   128  ipc.o(.text)
    rt_mb_delete                             0x08005a41   Thumb Code   140  ipc.o(.text)
    rt_mb_send_wait                          0x08005acd   Thumb Code   400  ipc.o(.text)
    rt_mb_send                               0x08005c5d   Thumb Code    18  ipc.o(.text)
    rt_mb_recv                               0x08005c6f   Thumb Code   576  ipc.o(.text)
    rt_mb_control                            0x08005eaf   Thumb Code   104  ipc.o(.text)
    rt_mq_init                               0x08005f17   Thumb Code   118  ipc.o(.text)
    rt_mq_detach                             0x08005f8d   Thumb Code    78  ipc.o(.text)
    rt_mq_delete                             0x08005fdb   Thumb Code   126  ipc.o(.text)
    rt_mq_create                             0x08006059   Thumb Code   170  ipc.o(.text)
    rt_mq_send                               0x08006103   Thumb Code   222  ipc.o(.text)
    rt_mq_urgent                             0x080061e1   Thumb Code   426  ipc.o(.text)
    rt_mq_recv                               0x0800638b   Thumb Code   458  ipc.o(.text)
    rt_mq_control                            0x08006555   Thumb Code   120  ipc.o(.text)
    rt_interrupt_enter_sethook               0x08006625   Thumb Code     6  irq.o(.text)
    rt_interrupt_leave_sethook               0x0800662b   Thumb Code     6  irq.o(.text)
    rt_interrupt_enter                       0x08006631   Thumb Code    46  irq.o(.text)
    rt_interrupt_leave                       0x0800665f   Thumb Code    46  irq.o(.text)
    rt_interrupt_get_nest                    0x0800668d   Thumb Code     6  irq.o(.text)
    rt_get_errno                             0x080066a1   Thumb Code    32  kservice.o(.text)
    rt_set_errno                             0x080066c1   Thumb Code    36  kservice.o(.text)
    _rt_errno                                0x080066e5   Thumb Code    30  kservice.o(.text)
    rt_memset                                0x08006703   Thumb Code    72  kservice.o(.text)
    rt_memcpy                                0x0800674b   Thumb Code   124  kservice.o(.text)
    rt_memmove                               0x080067c7   Thumb Code    66  kservice.o(.text)
    rt_memcmp                                0x08006809   Thumb Code    38  kservice.o(.text)
    rt_strlen                                0x0800682f   Thumb Code    18  kservice.o(.text)
    rt_strstr                                0x08006841   Thumb Code    58  kservice.o(.text)
    rt_strcasecmp                            0x0800687b   Thumb Code    48  kservice.o(.text)
    rt_strncpy                               0x080068ab   Thumb Code    52  kservice.o(.text)
    rt_strncmp                               0x080068df   Thumb Code    40  kservice.o(.text)
    rt_strcmp                                0x08006907   Thumb Code    28  kservice.o(.text)
    rt_strnlen                               0x08006923   Thumb Code    24  kservice.o(.text)
    rt_strdup                                0x0800693b   Thumb Code    40  kservice.o(.text)
    strdup                                   0x0800693b   Thumb Code     0  kservice.o(.text)
    rt_hw_console_output                     0x08006963   Thumb Code     2  kservice.o(.text)
    rt_vsnprintf                             0x08006b1b   Thumb Code   800  kservice.o(.text)
    rt_kprintf                               0x08006e3b   Thumb Code    96  kservice.o(.text)
    rt_show_version                          0x08006e9b   Thumb Code    38  kservice.o(.text)
    rt_snprintf                              0x08006ec1   Thumb Code    38  kservice.o(.text)
    rt_vsprintf                              0x08006ee7   Thumb Code    22  kservice.o(.text)
    rt_sprintf                               0x08006efd   Thumb Code    34  kservice.o(.text)
    rt_console_get_device                    0x08006f1f   Thumb Code     6  kservice.o(.text)
    rt_console_set_device                    0x08006f25   Thumb Code    48  kservice.o(.text)
    rt_kputs                                 0x08006f55   Thumb Code    78  kservice.o(.text)
    rt_malloc_align                          0x08006fa3   Thumb Code    66  kservice.o(.text)
    rt_free_align                            0x08006fe5   Thumb Code    16  kservice.o(.text)
    __rt_ffs                                 0x08006ff5   Thumb Code    70  kservice.o(.text)
    rt_assert_set_hook                       0x0800703b   Thumb Code     6  kservice.o(.text)
    rt_assert_handler                        0x08007041   Thumb Code    56  kservice.o(.text)
    rt_malloc_sethook                        0x08007151   Thumb Code     6  mem.o(.text)
    rt_free_sethook                          0x08007157   Thumb Code     6  mem.o(.text)
    rt_system_heap_init                      0x080071fd   Thumb Code   204  mem.o(.text)
    rt_malloc                                0x080072c9   Thumb Code   522  mem.o(.text)
    rt_free                                  0x080074d3   Thumb Code   688  mem.o(.text)
    rt_realloc                               0x08007783   Thumb Code   324  mem.o(.text)
    rt_calloc                                0x080078c7   Thumb Code    84  mem.o(.text)
    rt_memory_info                           0x0800791b   Thumb Code    26  mem.o(.text)
    list_mem                                 0x08007935   Thumb Code    34  mem.o(.text)
    rt_mp_alloc_sethook                      0x08007a45   Thumb Code     6  mempool.o(.text)
    rt_mp_free_sethook                       0x08007a4b   Thumb Code     6  mempool.o(.text)
    rt_mp_init                               0x08007a51   Thumb Code   128  mempool.o(.text)
    rt_mp_detach                             0x08007ad1   Thumb Code   114  mempool.o(.text)
    rt_mp_create                             0x08007b43   Thumb Code   174  mempool.o(.text)
    rt_mp_delete                             0x08007bf1   Thumb Code   172  mempool.o(.text)
    rt_mp_alloc                              0x08007c9d   Thumb Code   278  mempool.o(.text)
    rt_mp_free                               0x08007db3   Thumb Code    98  mempool.o(.text)
    rt_object_attach_sethook                 0x08007f55   Thumb Code     6  object.o(.text)
    rt_object_detach_sethook                 0x08007f5b   Thumb Code     6  object.o(.text)
    rt_object_trytake_sethook                0x08007f61   Thumb Code     6  object.o(.text)
    rt_object_take_sethook                   0x08007f67   Thumb Code     6  object.o(.text)
    rt_object_put_sethook                    0x08007f6d   Thumb Code     6  object.o(.text)
    rt_system_object_init                    0x08007f73   Thumb Code     2  object.o(.text)
    rt_object_get_information                0x08007f75   Thumb Code    36  object.o(.text)
    rt_object_init                           0x08007f99   Thumb Code    92  object.o(.text)
    rt_object_detach                         0x08007ff5   Thumb Code    62  object.o(.text)
    rt_object_allocate                       0x08008033   Thumb Code   158  object.o(.text)
    rt_object_delete                         0x080080d1   Thumb Code    88  object.o(.text)
    rt_object_is_systemobject                0x08008129   Thumb Code    34  object.o(.text)
    rt_object_get_type                       0x0800814b   Thumb Code    26  object.o(.text)
    rt_object_find                           0x08008165   Thumb Code   142  object.o(.text)
    rt_scheduler_sethook                     0x080082ad   Thumb Code     6  scheduler.o(.text)
    rt_system_scheduler_init                 0x0800830d   Thumb Code    56  scheduler.o(.text)
    rt_system_scheduler_start                0x08008345   Thumb Code    36  scheduler.o(.text)
    rt_schedule                              0x08008369   Thumb Code   160  scheduler.o(.text)
    rt_schedule_insert_thread                0x08008409   Thumb Code    90  scheduler.o(.text)
    rt_schedule_remove_thread                0x08008463   Thumb Code    94  scheduler.o(.text)
    rt_enter_critical                        0x080084c1   Thumb Code    28  scheduler.o(.text)
    rt_exit_critical                         0x080084dd   Thumb Code    54  scheduler.o(.text)
    rt_critical_level                        0x08008513   Thumb Code     8  scheduler.o(.text)
    rt_thread_handle_sig                     0x080085b7   Thumb Code   156  signal.o(.text)
    rt_thread_alloc_sig                      0x08008725   Thumb Code    62  signal.o(.text)
    rt_signal_install                        0x08008763   Thumb Code    98  signal.o(.text)
    rt_signal_mask                           0x080087c5   Thumb Code    34  signal.o(.text)
    rt_signal_unmask                         0x080087e7   Thumb Code    56  signal.o(.text)
    rt_signal_wait                           0x0800881f   Thumb Code   346  signal.o(.text)
    rt_thread_free_sig                       0x08008979   Thumb Code    66  signal.o(.text)
    rt_thread_kill                           0x080089bb   Thumb Code   236  signal.o(.text)
    rt_system_signal_init                    0x08008aa7   Thumb Code    38  signal.o(.text)
    rt_timer_timeout_sethook                 0x08008b87   Thumb Code     6  timer.o(.text)
    rt_timer_init                            0x08008c19   Thumb Code    58  timer.o(.text)
    rt_timer_detach                          0x08008c53   Thumb Code    82  timer.o(.text)
    rt_timer_create                          0x08008ca5   Thumb Code    54  timer.o(.text)
    rt_timer_delete                          0x08008cdb   Thumb Code    88  timer.o(.text)
    rt_timer_start                           0x08008d33   Thumb Code   314  timer.o(.text)
    rt_timer_stop                            0x08008e6d   Thumb Code   102  timer.o(.text)
    rt_timer_control                         0x08008ed3   Thumb Code    98  timer.o(.text)
    rt_timer_check                           0x08008f35   Thumb Code   416  timer.o(.text)
    rt_timer_next_timeout_tick               0x080090d5   Thumb Code    10  timer.o(.text)
    rt_system_timer_init                     0x080090df   Thumb Code    24  timer.o(.text)
    rt_system_timer_thread_init              0x080090f7   Thumb Code     2  timer.o(.text)
    rt_thread_suspend_sethook                0x08009135   Thumb Code     6  thread.o(.text)
    rt_thread_resume_sethook                 0x0800913b   Thumb Code     6  thread.o(.text)
    rt_thread_inited_sethook                 0x08009141   Thumb Code     6  thread.o(.text)
    rt_thread_exit                           0x08009147   Thumb Code    78  thread.o(.text)
    rt_thread_timeout                        0x08009195   Thumb Code    90  thread.o(.text)
    rt_thread_init                           0x0800929b   Thumb Code    74  thread.o(.text)
    rt_thread_self                           0x080092e5   Thumb Code     6  thread.o(.text)
    rt_thread_resume                         0x080092eb   Thumb Code   120  thread.o(.text)
    rt_thread_startup                        0x08009363   Thumb Code   108  thread.o(.text)
    rt_thread_detach                         0x080093cf   Thumb Code   126  thread.o(.text)
    rt_thread_create                         0x0800944d   Thumb Code    80  thread.o(.text)
    rt_thread_delete                         0x0800949d   Thumb Code   114  thread.o(.text)
    rt_thread_yield                          0x0800950f   Thumb Code   454  thread.o(.text)
    rt_thread_suspend                        0x080096d5   Thumb Code   130  thread.o(.text)
    rt_thread_sleep                          0x08009757   Thumb Code    98  thread.o(.text)
    rt_thread_delay                          0x080097b9   Thumb Code    12  thread.o(.text)
    rt_thread_mdelay                         0x080097c5   Thumb Code    20  thread.o(.text)
    rt_thread_control                        0x080097d9   Thumb Code   154  thread.o(.text)
    rt_thread_find                           0x08009873   Thumb Code    96  thread.o(.text)
    rt_hw_stack_init                         0x0800990d   Thumb Code    70  cpuport.o(.text)
    rt_hw_exception_install                  0x08009953   Thumb Code     6  cpuport.o(.text)
    rt_hw_hard_fault_exception               0x08009b37   Thumb Code   198  cpuport.o(.text)
    rt_hw_cpu_shutdown                       0x08009bfd   Thumb Code    22  cpuport.o(.text)
    rt_hw_interrupt_disable                  0x08009ee1   Thumb Code     8  context_rvds.o(.text)
    rt_hw_interrupt_enable                   0x08009ee9   Thumb Code     6  context_rvds.o(.text)
    rt_hw_context_switch                     0x08009eef   Thumb Code    32  context_rvds.o(.text)
    rt_hw_context_switch_interrupt           0x08009eef   Thumb Code     0  context_rvds.o(.text)
    PendSV_Handler                           0x08009f0f   Thumb Code    60  context_rvds.o(.text)
    rt_hw_context_switch_to                  0x08009f4b   Thumb Code    58  context_rvds.o(.text)
    rt_hw_interrupt_thread_switch            0x08009f85   Thumb Code     2  context_rvds.o(.text)
    HardFault_Handler                        0x08009f87   Thumb Code    48  context_rvds.o(.text)
    rt_device_pin_register                   0x0800a081   Thumb Code    56  pin.o(.text)
    rt_pin_attach_irq                        0x0800a0b9   Thumb Code    60  pin.o(.text)
    rt_pin_dettach_irq                       0x0800a0f5   Thumb Code    46  pin.o(.text)
    rt_pin_irq_enable                        0x0800a123   Thumb Code    50  pin.o(.text)
    rt_pin_mode                              0x0800a155   Thumb Code    38  pin.o(.text)
    rt_pin_write                             0x0800a17b   Thumb Code    38  pin.o(.text)
    rt_pin_read                              0x0800a1a1   Thumb Code    34  pin.o(.text)
    rt_hw_serial_register                    0x0800a519   Thumb Code    80  serial.o(.text)
    rt_hw_serial_isr                         0x0800a569   Thumb Code   316  serial.o(.text)
    finsh_get_prompt                         0x0800a751   Thumb Code    38  shell.o(.text)
    finsh_set_device                         0x0800a7d5   Thumb Code   156  shell.o(.text)
    finsh_get_device                         0x0800a871   Thumb Code    28  shell.o(.text)
    finsh_set_echo                           0x0800a88d   Thumb Code    30  shell.o(.text)
    finsh_get_echo                           0x0800a8ab   Thumb Code    32  shell.o(.text)
    finsh_thread_entry                       0x0800a9ed   Thumb Code  1358  shell.o(.text)
    finsh_system_function_init               0x0800af3b   Thumb Code    10  shell.o(.text)
    finsh_system_var_init                    0x0800af45   Thumb Code    10  shell.o(.text)
    finsh_system_init                        0x0800af4f   Thumb Code    96  shell.o(.text)
    hello                                    0x0800b021   Thumb Code    12  cmd.o(.text)
    version                                  0x0800b02d   Thumb Code    10  cmd.o(.text)
    list_thread                              0x0800b13f   Thumb Code    18  cmd.o(.text)
    list_sem                                 0x0800b207   Thumb Code    18  cmd.o(.text)
    list_event                               0x0800b29b   Thumb Code    18  cmd.o(.text)
    list_mutex                               0x0800b30d   Thumb Code    18  cmd.o(.text)
    list_mailbox                             0x0800b3b5   Thumb Code    18  cmd.o(.text)
    list_msgqueue                            0x0800b71f   Thumb Code    18  cmd.o(.text)
    list_memheap                             0x0800b785   Thumb Code    18  cmd.o(.text)
    list_mempool                             0x0800b821   Thumb Code    18  cmd.o(.text)
    list_timer                               0x0800b8a7   Thumb Code    18  cmd.o(.text)
    list_device                              0x0800b927   Thumb Code    18  cmd.o(.text)
    list                                     0x0800b939   Thumb Code    54  cmd.o(.text)
    msh_is_used                              0x0800bc09   Thumb Code     4  msh.o(.text)
    msh_help                                 0x0800bc0d   Thumb Code    66  msh.o(.text)
    msh_exec                                 0x0800bded   Thumb Code    82  msh.o(.text)
    msh_auto_complete                        0x0800be5f   Thumb Code   138  msh.o(.text)
    cmd_ps                                   0x0800bf71   Thumb Code    14  msh_cmd.o(.text)
    cmd_time                                 0x0800bf7f   Thumb Code     6  msh_cmd.o(.text)
    cmd_free                                 0x0800bf85   Thumb Code    14  msh_cmd.o(.text)
    thread1_entry                            0x0800bf95   Thumb Code    76  dynmem_sample.o(.text)
    dynmem_sample                            0x0800bfe1   Thumb Code    40  dynmem_sample.o(.text)
    event_sample                             0x0800c0f9   Thumb Code   104  event_sample.o(.text)
    idle_hook_sample                         0x0800c2e5   Thumb Code    52  idlehook_sample.o(.text)
    thread_entry                             0x0800c3a1   Thumb Code    52  interrupt_sample.o(.text)
    interrupt_sample                         0x0800c3d5   Thumb Code    74  interrupt_sample.o(.text)
    mailbox_sample                           0x0800c4cf   Thumb Code   112  mailbox_sample.o(.text)
    mempool_sample                           0x0800c65d   Thumb Code   122  memp_sample.o(.text)
    msgq_sample                              0x0800c80b   Thumb Code   118  msgq_sample.o(.text)
    mutex_sample                             0x0800ca3b   Thumb Code   108  mutex_sample.o(.text)
    pri_inversion                            0x0800cc37   Thumb Code   156  priority_inversion.o(.text)
    producer_thread_entry                    0x0800cdad   Thumb Code   120  producer_consumer.o(.text)
    consumer_thread_entry                    0x0800ce25   Thumb Code   156  producer_consumer.o(.text)
    producer_consumer                        0x0800cec1   Thumb Code   162  producer_consumer.o(.text)
    scheduler_hook                           0x0800d0af   Thumb Code    92  scheduler_hook.o(.text)
    semaphore_sample                         0x0800d1db   Thumb Code   118  semaphore_sample.o(.text)
    thread1_signal_handler                   0x0800d359   Thumb Code    14  signal_sample.o(.text)
    signal_sample                            0x0800d395   Thumb Code    64  signal_sample.o(.text)
    thread_sample                            0x0800d44d   Thumb Code    84  thread_sample.o(.text)
    timer_sample                             0x0800d537   Thumb Code    74  timer_sample.o(.text)
    timeslice_sample                         0x0800d62d   Thumb Code    70  timeslice_sample.o(.text)
    __aeabi_memcpy                           0x0800d6b5   Thumb Code    36  memcpya.o(.text)
    __aeabi_memcpy4                          0x0800d6b5   Thumb Code     0  memcpya.o(.text)
    __aeabi_memcpy8                          0x0800d6b5   Thumb Code     0  memcpya.o(.text)
    __aeabi_memset                           0x0800d6d9   Thumb Code    14  memseta.o(.text)
    __aeabi_memset4                          0x0800d6d9   Thumb Code     0  memseta.o(.text)
    __aeabi_memset8                          0x0800d6d9   Thumb Code     0  memseta.o(.text)
    __aeabi_memclr                           0x0800d6e7   Thumb Code     4  memseta.o(.text)
    __aeabi_memclr4                          0x0800d6e7   Thumb Code     0  memseta.o(.text)
    __aeabi_memclr8                          0x0800d6e7   Thumb Code     0  memseta.o(.text)
    _memset$wrapper                          0x0800d6eb   Thumb Code    18  memseta.o(.text)
    strcat                                   0x0800d6fd   Thumb Code    24  strcat.o(.text)
    strlen                                   0x0800d715   Thumb Code    14  strlen.o(.text)
    memcmp                                   0x0800d723   Thumb Code    26  memcmp.o(.text)
    strcpy                                   0x0800d73d   Thumb Code    18  strcpy.o(.text)
    strncmp                                  0x0800d74f   Thumb Code    30  strncmp.o(.text)
    __scatterload                            0x0800d76d   Thumb Code    28  init.o(.text)
    __scatterload_rt2                        0x0800d76d   Thumb Code     0  init.o(.text)
    __decompress                             0x0800d791   Thumb Code     0  __dczerorl2.o(.text)
    __decompress1                            0x0800d791   Thumb Code    86  __dczerorl2.o(.text)
    __scatterload_copy                       0x0800d7e7   Thumb Code    14  handlers.o(i.__scatterload_copy)
    __scatterload_null                       0x0800d7f5   Thumb Code     2  handlers.o(i.__scatterload_null)
    __scatterload_zeroinit                   0x0800d7f7   Thumb Code    14  handlers.o(i.__scatterload_zeroinit)
    AHBPrescTable                            0x0800e1ef   Data          16  system_stm32f1xx.o(.constdata)
    APBPrescTable                            0x0800e1ff   Data           8  system_stm32f1xx.o(.constdata)
    __lowest_bit_bitmap                      0x0800e4f1   Data         256  kservice.o(.constdata)
    __fsym___cmd_thread_sample1_name         0x0800eef5   Data          21  main.o(.rodata.name)
    __fsym___cmd_thread_sample1_desc         0x0800ef0a   Data          15  main.o(.rodata.name)
    __fsym_list_mem_name                     0x0800ef19   Data           9  mem.o(.rodata.name)
    __fsym_list_mem_desc                     0x0800ef22   Data          30  mem.o(.rodata.name)
    __fsym_pinMode_name                      0x0800ef40   Data           8  pin.o(.rodata.name)
    __fsym_pinMode_desc                      0x0800ef48   Data          22  pin.o(.rodata.name)
    __fsym_pinWrite_name                     0x0800ef5e   Data           9  pin.o(.rodata.name)
    __fsym_pinWrite_desc                     0x0800ef67   Data          28  pin.o(.rodata.name)
    __fsym_pinRead_name                      0x0800ef83   Data           8  pin.o(.rodata.name)
    __fsym_pinRead_desc                      0x0800ef8b   Data          30  pin.o(.rodata.name)
    __fsym_hello_name                        0x0800efa9   Data           6  cmd.o(.rodata.name)
    __fsym_hello_desc                        0x0800efaf   Data          16  cmd.o(.rodata.name)
    __fsym_version_name                      0x0800efbf   Data           8  cmd.o(.rodata.name)
    __fsym_version_desc                      0x0800efc7   Data          35  cmd.o(.rodata.name)
    __fsym___cmd_version_name                0x0800efea   Data          14  cmd.o(.rodata.name)
    __fsym___cmd_version_desc                0x0800eff8   Data          35  cmd.o(.rodata.name)
    __fsym_list_thread_name                  0x0800f01b   Data          12  cmd.o(.rodata.name)
    __fsym_list_thread_desc                  0x0800f027   Data          12  cmd.o(.rodata.name)
    __fsym___cmd_list_thread_name            0x0800f033   Data          18  cmd.o(.rodata.name)
    __fsym___cmd_list_thread_desc            0x0800f045   Data          12  cmd.o(.rodata.name)
    __fsym_list_sem_name                     0x0800f051   Data           9  cmd.o(.rodata.name)
    __fsym_list_sem_desc                     0x0800f05a   Data          25  cmd.o(.rodata.name)
    __fsym___cmd_list_sem_name               0x0800f073   Data          15  cmd.o(.rodata.name)
    __fsym___cmd_list_sem_desc               0x0800f082   Data          25  cmd.o(.rodata.name)
    __fsym_list_event_name                   0x0800f09b   Data          11  cmd.o(.rodata.name)
    __fsym_list_event_desc                   0x0800f0a6   Data          21  cmd.o(.rodata.name)
    __fsym___cmd_list_event_name             0x0800f0bb   Data          17  cmd.o(.rodata.name)
    __fsym___cmd_list_event_desc             0x0800f0cc   Data          21  cmd.o(.rodata.name)
    __fsym_list_mutex_name                   0x0800f0e1   Data          11  cmd.o(.rodata.name)
    __fsym_list_mutex_desc                   0x0800f0ec   Data          21  cmd.o(.rodata.name)
    __fsym___cmd_list_mutex_name             0x0800f101   Data          17  cmd.o(.rodata.name)
    __fsym___cmd_list_mutex_desc             0x0800f112   Data          21  cmd.o(.rodata.name)
    __fsym_list_mailbox_name                 0x0800f127   Data          13  cmd.o(.rodata.name)
    __fsym_list_mailbox_desc                 0x0800f134   Data          24  cmd.o(.rodata.name)
    __fsym___cmd_list_mailbox_name           0x0800f14c   Data          19  cmd.o(.rodata.name)
    __fsym___cmd_list_mailbox_desc           0x0800f15f   Data          24  cmd.o(.rodata.name)
    __fsym_list_msgqueue_name                0x0800f177   Data          14  cmd.o(.rodata.name)
    __fsym_list_msgqueue_desc                0x0800f185   Data          29  cmd.o(.rodata.name)
    __fsym___cmd_list_msgqueue_name          0x0800f1a2   Data          20  cmd.o(.rodata.name)
    __fsym___cmd_list_msgqueue_desc          0x0800f1b6   Data          29  cmd.o(.rodata.name)
    __fsym_list_memheap_name                 0x0800f1d3   Data          13  cmd.o(.rodata.name)
    __fsym_list_memheap_desc                 0x0800f1e0   Data          27  cmd.o(.rodata.name)
    __fsym___cmd_list_memheap_name           0x0800f1fb   Data          19  cmd.o(.rodata.name)
    __fsym___cmd_list_memheap_desc           0x0800f20e   Data          27  cmd.o(.rodata.name)
    __fsym_list_mempool_name                 0x0800f229   Data          13  cmd.o(.rodata.name)
    __fsym_list_mempool_desc                 0x0800f236   Data          27  cmd.o(.rodata.name)
    __fsym___cmd_list_mempool_name           0x0800f251   Data          19  cmd.o(.rodata.name)
    __fsym___cmd_list_mempool_desc           0x0800f264   Data          27  cmd.o(.rodata.name)
    __fsym_list_timer_name                   0x0800f27f   Data          11  cmd.o(.rodata.name)
    __fsym_list_timer_desc                   0x0800f28a   Data          21  cmd.o(.rodata.name)
    __fsym___cmd_list_timer_name             0x0800f29f   Data          17  cmd.o(.rodata.name)
    __fsym___cmd_list_timer_desc             0x0800f2b0   Data          21  cmd.o(.rodata.name)
    __fsym_list_device_name                  0x0800f2c5   Data          12  cmd.o(.rodata.name)
    __fsym_list_device_desc                  0x0800f2d1   Data          22  cmd.o(.rodata.name)
    __fsym___cmd_list_device_name            0x0800f2e7   Data          18  cmd.o(.rodata.name)
    __fsym___cmd_list_device_desc            0x0800f2f9   Data          22  cmd.o(.rodata.name)
    __fsym_list_name                         0x0800f30f   Data           5  cmd.o(.rodata.name)
    __fsym_list_desc                         0x0800f314   Data          26  cmd.o(.rodata.name)
    __fsym___cmd_help_name                   0x0800f32e   Data          11  msh.o(.rodata.name)
    __fsym___cmd_help_desc                   0x0800f339   Data          22  msh.o(.rodata.name)
    __fsym___cmd_ps_name                     0x0800f34f   Data           9  msh_cmd.o(.rodata.name)
    __fsym___cmd_ps_desc                     0x0800f358   Data          28  msh_cmd.o(.rodata.name)
    __fsym___cmd_time_name                   0x0800f374   Data          11  msh_cmd.o(.rodata.name)
    __fsym___cmd_time_desc                   0x0800f37f   Data          27  msh_cmd.o(.rodata.name)
    __fsym___cmd_free_name                   0x0800f39a   Data          11  msh_cmd.o(.rodata.name)
    __fsym___cmd_free_desc                   0x0800f3a5   Data          37  msh_cmd.o(.rodata.name)
    __fsym___cmd_dynmem_sample_name          0x0800f3ca   Data          20  dynmem_sample.o(.rodata.name)
    __fsym___cmd_dynmem_sample_desc          0x0800f3de   Data          14  dynmem_sample.o(.rodata.name)
    __fsym___cmd_event_sample_name           0x0800f3ec   Data          19  event_sample.o(.rodata.name)
    __fsym___cmd_event_sample_desc           0x0800f3ff   Data          13  event_sample.o(.rodata.name)
    __fsym___cmd_idle_hook_sample_name       0x0800f40c   Data          23  idlehook_sample.o(.rodata.name)
    __fsym___cmd_idle_hook_sample_desc       0x0800f423   Data          17  idlehook_sample.o(.rodata.name)
    __fsym___cmd_interrupt_sample_name       0x0800f434   Data          23  interrupt_sample.o(.rodata.name)
    __fsym___cmd_interrupt_sample_desc       0x0800f44b   Data          17  interrupt_sample.o(.rodata.name)
    __fsym___cmd_mailbox_sample_name         0x0800f45c   Data          21  mailbox_sample.o(.rodata.name)
    __fsym___cmd_mailbox_sample_desc         0x0800f471   Data          15  mailbox_sample.o(.rodata.name)
    __fsym___cmd_mempool_sample_name         0x0800f480   Data          21  memp_sample.o(.rodata.name)
    __fsym___cmd_mempool_sample_desc         0x0800f495   Data          15  memp_sample.o(.rodata.name)
    __fsym___cmd_msgq_sample_name            0x0800f4a4   Data          18  msgq_sample.o(.rodata.name)
    __fsym___cmd_msgq_sample_desc            0x0800f4b6   Data          12  msgq_sample.o(.rodata.name)
    __fsym___cmd_mutex_sample_name           0x0800f4c2   Data          19  mutex_sample.o(.rodata.name)
    __fsym___cmd_mutex_sample_desc           0x0800f4d5   Data          13  mutex_sample.o(.rodata.name)
    __fsym___cmd_pri_inversion_name          0x0800f4e2   Data          20  priority_inversion.o(.rodata.name)
    __fsym___cmd_pri_inversion_desc          0x0800f4f6   Data          21  priority_inversion.o(.rodata.name)
    __fsym___cmd_producer_consumer_name      0x0800f50b   Data          24  producer_consumer.o(.rodata.name)
    __fsym___cmd_producer_consumer_desc      0x0800f523   Data          25  producer_consumer.o(.rodata.name)
    __fsym___cmd_scheduler_hook_name         0x0800f53c   Data          21  scheduler_hook.o(.rodata.name)
    __fsym___cmd_scheduler_hook_desc         0x0800f551   Data          22  scheduler_hook.o(.rodata.name)
    __fsym___cmd_semaphore_sample_name       0x0800f567   Data          23  semaphore_sample.o(.rodata.name)
    __fsym___cmd_semaphore_sample_desc       0x0800f57e   Data          17  semaphore_sample.o(.rodata.name)
    __fsym___cmd_signal_sample_name          0x0800f58f   Data          20  signal_sample.o(.rodata.name)
    __fsym___cmd_signal_sample_desc          0x0800f5a3   Data          14  signal_sample.o(.rodata.name)
    __fsym___cmd_thread_sample_name          0x0800f5b1   Data          20  thread_sample.o(.rodata.name)
    __fsym___cmd_thread_sample_desc          0x0800f5c5   Data          14  thread_sample.o(.rodata.name)
    __fsym___cmd_timer_sample_name           0x0800f5d3   Data          19  timer_sample.o(.rodata.name)
    __fsym___cmd_timer_sample_desc           0x0800f5e6   Data          13  timer_sample.o(.rodata.name)
    __fsym___cmd_timeslice_sample_name       0x0800f5f3   Data          23  timeslice_sample.o(.rodata.name)
    __fsym___cmd_timeslice_sample_desc       0x0800f60a   Data          17  timeslice_sample.o(.rodata.name)
    __rt_init_rti_start                      0x0800f61c   Data           4  components.o(.rti_fn.0)
    __rt_init_rti_board_start                0x0800f620   Data           4  components.o(.rti_fn.0.end)
    __rt_init_rt_hw_pin_init                 0x0800f624   Data           4  drv_gpio.o(.rti_fn.1)
    __rt_init_rt_hw_usart_init               0x0800f628   Data           4  drv_usart.o(.rti_fn.1)
    __rt_init_rti_board_end                  0x0800f62c   Data           4  components.o(.rti_fn.1.end)
    __rt_init_finsh_system_init              0x0800f630   Data           4  shell.o(.rti_fn.6)
    __rt_init_rti_end                        0x0800f634   Data           4  components.o(.rti_fn.6.end)
    FSymTab$$Base                            0x0800f638   Number         0  main.o(FSymTab)
    __fsym___cmd_thread_sample1              0x0800f638   Data          12  main.o(FSymTab)
    __fsym_list_mem                          0x0800f644   Data          12  mem.o(FSymTab)
    __fsym_pinMode                           0x0800f650   Data          12  pin.o(FSymTab)
    __fsym_pinWrite                          0x0800f65c   Data          12  pin.o(FSymTab)
    __fsym_pinRead                           0x0800f668   Data          12  pin.o(FSymTab)
    __fsym_hello                             0x0800f674   Data          12  cmd.o(FSymTab)
    __fsym_version                           0x0800f680   Data          12  cmd.o(FSymTab)
    __fsym___cmd_version                     0x0800f68c   Data          12  cmd.o(FSymTab)
    __fsym_list_thread                       0x0800f698   Data          12  cmd.o(FSymTab)
    __fsym___cmd_list_thread                 0x0800f6a4   Data          12  cmd.o(FSymTab)
    __fsym_list_sem                          0x0800f6b0   Data          12  cmd.o(FSymTab)
    __fsym___cmd_list_sem                    0x0800f6bc   Data          12  cmd.o(FSymTab)
    __fsym_list_event                        0x0800f6c8   Data          12  cmd.o(FSymTab)
    __fsym___cmd_list_event                  0x0800f6d4   Data          12  cmd.o(FSymTab)
    __fsym_list_mutex                        0x0800f6e0   Data          12  cmd.o(FSymTab)
    __fsym___cmd_list_mutex                  0x0800f6ec   Data          12  cmd.o(FSymTab)
    __fsym_list_mailbox                      0x0800f6f8   Data          12  cmd.o(FSymTab)
    __fsym___cmd_list_mailbox                0x0800f704   Data          12  cmd.o(FSymTab)
    __fsym_list_msgqueue                     0x0800f710   Data          12  cmd.o(FSymTab)
    __fsym___cmd_list_msgqueue               0x0800f71c   Data          12  cmd.o(FSymTab)
    __fsym_list_memheap                      0x0800f728   Data          12  cmd.o(FSymTab)
    __fsym___cmd_list_memheap                0x0800f734   Data          12  cmd.o(FSymTab)
    __fsym_list_mempool                      0x0800f740   Data          12  cmd.o(FSymTab)
    __fsym___cmd_list_mempool                0x0800f74c   Data          12  cmd.o(FSymTab)
    __fsym_list_timer                        0x0800f758   Data          12  cmd.o(FSymTab)
    __fsym___cmd_list_timer                  0x0800f764   Data          12  cmd.o(FSymTab)
    __fsym_list_device                       0x0800f770   Data          12  cmd.o(FSymTab)
    __fsym___cmd_list_device                 0x0800f77c   Data          12  cmd.o(FSymTab)
    __fsym_list                              0x0800f788   Data          12  cmd.o(FSymTab)
    __fsym___cmd_help                        0x0800f794   Data          12  msh.o(FSymTab)
    __fsym___cmd_ps                          0x0800f7a0   Data          12  msh_cmd.o(FSymTab)
    __fsym___cmd_time                        0x0800f7ac   Data          12  msh_cmd.o(FSymTab)
    __fsym___cmd_free                        0x0800f7b8   Data          12  msh_cmd.o(FSymTab)
    __fsym___cmd_dynmem_sample               0x0800f7c4   Data          12  dynmem_sample.o(FSymTab)
    __fsym___cmd_event_sample                0x0800f7d0   Data          12  event_sample.o(FSymTab)
    __fsym___cmd_idle_hook_sample            0x0800f7dc   Data          12  idlehook_sample.o(FSymTab)
    __fsym___cmd_interrupt_sample            0x0800f7e8   Data          12  interrupt_sample.o(FSymTab)
    __fsym___cmd_mailbox_sample              0x0800f7f4   Data          12  mailbox_sample.o(FSymTab)
    __fsym___cmd_mempool_sample              0x0800f800   Data          12  memp_sample.o(FSymTab)
    __fsym___cmd_msgq_sample                 0x0800f80c   Data          12  msgq_sample.o(FSymTab)
    __fsym___cmd_mutex_sample                0x0800f818   Data          12  mutex_sample.o(FSymTab)
    __fsym___cmd_pri_inversion               0x0800f824   Data          12  priority_inversion.o(FSymTab)
    __fsym___cmd_producer_consumer           0x0800f830   Data          12  producer_consumer.o(FSymTab)
    __fsym___cmd_scheduler_hook              0x0800f83c   Data          12  scheduler_hook.o(FSymTab)
    __fsym___cmd_semaphore_sample            0x0800f848   Data          12  semaphore_sample.o(FSymTab)
    __fsym___cmd_signal_sample               0x0800f854   Data          12  signal_sample.o(FSymTab)
    __fsym___cmd_thread_sample               0x0800f860   Data          12  thread_sample.o(FSymTab)
    __fsym___cmd_timer_sample                0x0800f86c   Data          12  timer_sample.o(FSymTab)
    __fsym___cmd_timeslice_sample            0x0800f878   Data          12  timeslice_sample.o(FSymTab)
    FSymTab$$Limit                           0x0800f884   Number         0  timeslice_sample.o(FSymTab)
    Region$$Table$$Base                      0x0800f884   Number         0  anon$$obj.o(Region$$Table)
    Region$$Table$$Limit                     0x0800f8a4   Number         0  anon$$obj.o(Region$$Table)
    pin_irq_hdr_tab                          0x20000004   Data         192  drv_gpio.o(.data)
    uart1                                    0x200000c4   Data          68  drv_usart.o(.data)
    SystemCoreClock                          0x20000108   Data           4  system_stm32f1xx.o(.data)
    uwTick                                   0x2000010c   Data           4  stm32f1xx_hal.o(.data)
    rt_interrupt_nest                        0x2000011c   Data           1  irq.o(.data)
    rt_assert_hook                           0x20000128   Data           4  kservice.o(.data)
    rt_object_trytake_hook                   0x200001fc   Data           4  object.o(.data)
    rt_object_take_hook                      0x20000200   Data           4  object.o(.data)
    rt_object_put_hook                       0x20000204   Data           4  object.o(.data)
    rt_current_thread                        0x2000020c   Data           4  scheduler.o(.data)
    rt_current_priority                      0x20000210   Data           1  scheduler.o(.data)
    rt_thread_ready_priority_group           0x20000214   Data           4  scheduler.o(.data)
    rt_thread_defunct                        0x20000218   Data           8  scheduler.o(.data)
    rt_interrupt_from_thread                 0x20000244   Data           4  cpuport.o(.data)
    rt_interrupt_to_thread                   0x20000248   Data           4  cpuport.o(.data)
    rt_thread_switch_interrupt_flag          0x2000024c   Data           4  cpuport.o(.data)
    shell                                    0x20000254   Data           4  shell.o(.data)
    _syscall_table_begin                     0x20000258   Data           4  symbol.o(.data)
    _syscall_table_end                       0x2000025c   Data           4  symbol.o(.data)
    _sysvar_table_begin                      0x20000260   Data           4  symbol.o(.data)
    _sysvar_table_end                        0x20000264   Data           4  symbol.o(.data)
    count                                    0x200002cc   Data           8  scheduler_hook.o(.data)
    serial1                                  0x20000794   Data          84  drv_usart.o(.bss)
    rt_thread_priority_table                 0x20000a2c   Data         256  scheduler.o(.bss)
    array                                    0x20004a98   Data          20  producer_consumer.o(.bss)
    sem_lock                                 0x20004aac   Data          32  producer_consumer.o(.bss)
    sem_empty                                0x20004acc   Data          32  producer_consumer.o(.bss)
    sem_full                                 0x20004aec   Data          32  producer_consumer.o(.bss)
    Image$$RW_IRAM1$$ZI$$Limit               0x20005cc8   Number         0  anon$$obj.o ABSOLUTE
    __initial_sp                             0x20005cc8   Data           0  startup_stm32f103xe.o(STACK)



==============================================================================

Memory Map of the image

  Image Entry point : 0x08000131

  Load Region LR_IROM1 (Base: 0x08000000, Size: 0x0000fba4, Max: 0x000c0000, ABSOLUTE, COMPRESSED[0x0000f938])

    Execution Region ER_IROM1 (Exec base: 0x08000000, Load base: 0x08000000, Size: 0x0000f8a4, Max: 0x000c0000, ABSOLUTE)

    Exec Addr    Load Addr    Size         Type   Attr      Idx    E Section Name        Object

    0x08000000   0x08000000   0x00000130   Data   RO         1374    RESET               startup_stm32f103xe.o
    0x08000130   0x08000130   0x00000000   Code   RO         2131  * .ARM.Collect$$$$00000000  mc_w.l(entry.o)
    0x08000130   0x08000130   0x00000004   Code   RO         2152    .ARM.Collect$$$$00000001  mc_w.l(entry2.o)
    0x08000134   0x08000134   0x00000004   Code   RO         2155    .ARM.Collect$$$$00000004  mc_w.l(entry5.o)
    0x08000138   0x08000138   0x00000000   Code   RO         2157    .ARM.Collect$$$$00000008  mc_w.l(entry7b.o)
    0x08000138   0x08000138   0x00000000   Code   RO         2159    .ARM.Collect$$$$0000000A  mc_w.l(entry8b.o)
    0x08000138   0x08000138   0x00000008   Code   RO         2160    .ARM.Collect$$$$0000000B  mc_w.l(entry9a.o)
    0x08000140   0x08000140   0x00000000   Code   RO         2162    .ARM.Collect$$$$0000000D  mc_w.l(entry10a.o)
    0x08000140   0x08000140   0x00000000   Code   RO         2164    .ARM.Collect$$$$0000000F  mc_w.l(entry11a.o)
    0x08000140   0x08000140   0x00000004   Code   RO         2153    .ARM.Collect$$$$00002712  mc_w.l(entry2.o)
    0x08000144   0x08000144   0x000000ec   Code   RO            1    .text               main.o
    0x08000230   0x08000230   0x00000190   Code   RO          113    .text               board.o
    0x080003c0   0x080003c0   0x00000010   Code   RO          225    .text               stm32f1xx_it.o
    0x080003d0   0x080003d0   0x0000057c   Code   RO          252    .text               drv_gpio.o
    0x0800094c   0x0800094c   0x000004cc   Code   RO          281    .text               drv_usart.o
    0x08000e18   0x08000e18   0x000000f4   Code   RO          318    .text               system_stm32f1xx.o
    0x08000f0c   0x08000f0c   0x000004e8   Code   RO          385    .text               stm32f1xx_hal_gpio.o
    0x080013f4   0x080013f4   0x00000ee4   Code   RO          606    .text               stm32f1xx_hal_dma.o
    0x080022d8   0x080022d8   0x000002c4   Code   RO          630    .text               stm32f1xx_hal_cortex.o
    0x0800259c   0x0800259c   0x000008a8   Code   RO          754    .text               stm32f1xx_hal_rcc.o
    0x08002e44   0x08002e44   0x0000120a   Code   RO          940    .text               stm32f1xx_hal_uart.o
    0x0800404e   0x0800404e   0x00000002   PAD
    0x08004050   0x08004050   0x0000015c   Code   RO         1006    .text               stm32f1xx_hal.o
    0x080041ac   0x080041ac   0x00000024   Code   RO         1375    .text               startup_stm32f103xe.o
    0x080041d0   0x080041d0   0x0000006c   Code   RO         1379    .text               clock.o
    0x0800423c   0x0800423c   0x000000dc   Code   RO         1396    .text               components.o
    0x08004318   0x08004318   0x00000530   Code   RO         1415    .text               device.o
    0x08004848   0x08004848   0x000001d4   Code   RO         1428    .text               idle.o
    0x08004a1c   0x08004a1c   0x00001c08   Code   RO         1447    .text               ipc.o
    0x08006624   0x08006624   0x0000007c   Code   RO         1465    .text               irq.o
    0x080066a0   0x080066a0   0x00000ab0   Code   RO         1480    .text               kservice.o
    0x08007150   0x08007150   0x000008f4   Code   RO         1500    .text               mem.o
    0x08007a44   0x08007a44   0x000004f0   Code   RO         1546    .text               mempool.o
    0x08007f34   0x08007f34   0x00000378   Code   RO         1564    .text               object.o
    0x080082ac   0x080082ac   0x00000308   Code   RO         1583    .text               scheduler.o
    0x080085b4   0x080085b4   0x000005c4   Code   RO         1604    .text               signal.o
    0x08008b78   0x08008b78   0x0000059c   Code   RO         1634    .text               timer.o
    0x08009114   0x08009114   0x000007f8   Code   RO         1653    .text               thread.o
    0x0800990c   0x0800990c   0x000005d4   Code   RO         1673    .text               cpuport.o
    0x08009ee0   0x08009ee0   0x000000f0   Code   RO         1689    .text               context_rvds.o
    0x08009fd0   0x08009fd0   0x00000250   Code   RO         1693    .text               pin.o
    0x0800a220   0x0800a220   0x00000530   Code   RO         1741    .text               serial.o
    0x0800a750   0x0800a750   0x000008bc   Code   RO         1754    .text               shell.o
    0x0800b00c   0x0800b00c   0x00000bfc   Code   RO         1795    .text               cmd.o
    0x0800bc08   0x0800bc08   0x00000368   Code   RO         1816    .text               msh.o
    0x0800bf70   0x0800bf70   0x00000022   Code   RO         1833    .text               msh_cmd.o
    0x0800bf92   0x0800bf92   0x00000002   PAD
    0x0800bf94   0x0800bf94   0x000000d0   Code   RO         1855    .text               dynmem_sample.o
    0x0800c064   0x0800c064   0x00000204   Code   RO         1871    .text               event_sample.o
    0x0800c268   0x0800c268   0x00000138   Code   RO         1888    .text               idlehook_sample.o
    0x0800c3a0   0x0800c3a0   0x000000b8   Code   RO         1905    .text               interrupt_sample.o
    0x0800c458   0x0800c458   0x00000194   Code   RO         1922    .text               mailbox_sample.o
    0x0800c5ec   0x0800c5ec   0x00000160   Code   RO         1940    .text               memp_sample.o
    0x0800c74c   0x0800c74c   0x0000025c   Code   RO         1958    .text               msgq_sample.o
    0x0800c9a8   0x0800c9a8   0x000001b0   Code   RO         1975    .text               mutex_sample.o
    0x0800cb58   0x0800cb58   0x00000254   Code   RO         1993    .text               priority_inversion.o
    0x0800cdac   0x0800cdac   0x000002d8   Code   RO         2010    .text               producer_consumer.o
    0x0800d084   0x0800d084   0x000000d8   Code   RO         2028    .text               scheduler_hook.o
    0x0800d15c   0x0800d15c   0x000001fc   Code   RO         2045    .text               semaphore_sample.o
    0x0800d358   0x0800d358   0x000000bc   Code   RO         2063    .text               signal_sample.o
    0x0800d414   0x0800d414   0x000000e8   Code   RO         2080    .text               thread_sample.o
    0x0800d4fc   0x0800d4fc   0x00000104   Code   RO         2098    .text               timer_sample.o
    0x0800d600   0x0800d600   0x000000b4   Code   RO         2115    .text               timeslice_sample.o
    0x0800d6b4   0x0800d6b4   0x00000024   Code   RO         2136    .text               mc_w.l(memcpya.o)
    0x0800d6d8   0x0800d6d8   0x00000024   Code   RO         2138    .text               mc_w.l(memseta.o)
    0x0800d6fc   0x0800d6fc   0x00000018   Code   RO         2140    .text               mc_w.l(strcat.o)
    0x0800d714   0x0800d714   0x0000000e   Code   RO         2142    .text               mc_w.l(strlen.o)
    0x0800d722   0x0800d722   0x0000001a   Code   RO         2144    .text               mc_w.l(memcmp.o)
    0x0800d73c   0x0800d73c   0x00000012   Code   RO         2146    .text               mc_w.l(strcpy.o)
    0x0800d74e   0x0800d74e   0x0000001e   Code   RO         2148    .text               mc_w.l(strncmp.o)
    0x0800d76c   0x0800d76c   0x00000024   Code   RO         2166    .text               mc_w.l(init.o)
    0x0800d790   0x0800d790   0x00000056   Code   RO         2176    .text               mc_w.l(__dczerorl2.o)
    0x0800d7e6   0x0800d7e6   0x0000000e   Code   RO         2170    i.__scatterload_copy  mc_w.l(handlers.o)
    0x0800d7f4   0x0800d7f4   0x00000002   Code   RO         2171    i.__scatterload_null  mc_w.l(handlers.o)
    0x0800d7f6   0x0800d7f6   0x0000000e   Code   RO         2172    i.__scatterload_zeroinit  mc_w.l(handlers.o)
    0x0800d804   0x0800d804   0x00000013   Data   RO          114    .constdata          board.o
    0x0800d817   0x0800d817   0x00000001   PAD
    0x0800d818   0x0800d818   0x00000968   Data   RO          253    .constdata          drv_gpio.o
    0x0800e180   0x0800e180   0x0000006f   Data   RO          283    .constdata          drv_usart.o
    0x0800e1ef   0x0800e1ef   0x00000018   Data   RO          319    .constdata          system_stm32f1xx.o
    0x0800e207   0x0800e207   0x00000014   Data   RO         1397    .constdata          components.o
    0x0800e21b   0x0800e21b   0x000000c9   Data   RO         1416    .constdata          device.o
    0x0800e2e4   0x0800e2e4   0x00000016   Data   RO         1430    .constdata          idle.o
    0x0800e2fa   0x0800e2fa   0x000001f7   Data   RO         1448    .constdata          ipc.o
    0x0800e4f1   0x0800e4f1   0x00000122   Data   RO         1482    .constdata          kservice.o
    0x0800e613   0x0800e613   0x00000046   Data   RO         1502    .constdata          mem.o
    0x0800e659   0x0800e659   0x0000003e   Data   RO         1547    .constdata          mempool.o
    0x0800e697   0x0800e697   0x00000080   Data   RO         1565    .constdata          object.o
    0x0800e717   0x0800e717   0x0000004e   Data   RO         1585    .constdata          scheduler.o
    0x0800e765   0x0800e765   0x00000048   Data   RO         1605    .constdata          signal.o
    0x0800e7ad   0x0800e7ad   0x0000005c   Data   RO         1635    .constdata          timer.o
    0x0800e809   0x0800e809   0x000000b9   Data   RO         1654    .constdata          thread.o
    0x0800e8c2   0x0800e8c2   0x00000013   Data   RO         1674    .constdata          cpuport.o
    0x0800e8d5   0x0800e8d5   0x0000007e   Data   RO         1695    .constdata          pin.o
    0x0800e953   0x0800e953   0x000000b5   Data   RO         1742    .constdata          serial.o
    0x0800ea08   0x0800ea08   0x0000005b   Data   RO         1756    .constdata          shell.o
    0x0800ea63   0x0800ea63   0x00000001   PAD
    0x0800ea64   0x0800ea64   0x00000050   Data   RO         1796    .constdata          cmd.o
    0x0800eab4   0x0800eab4   0x0000000e   Data   RO         1817    .constdata          msh.o
    0x0800eac2   0x0800eac2   0x00000002   PAD
    0x0800eac4   0x0800eac4   0x00000043   Data   RO          115    .conststring        board.o
    0x0800eb07   0x0800eb07   0x00000001   PAD
    0x0800eb08   0x0800eb08   0x0000015a   Data   RO         1449    .conststring        ipc.o
    0x0800ec62   0x0800ec62   0x00000002   PAD
    0x0800ec64   0x0800ec64   0x000000ed   Data   RO         1503    .conststring        mem.o
    0x0800ed51   0x0800ed51   0x00000003   PAD
    0x0800ed54   0x0800ed54   0x00000042   Data   RO         1655    .conststring        thread.o
    0x0800ed96   0x0800ed96   0x00000002   PAD
    0x0800ed98   0x0800ed98   0x0000015d   Data   RO         1797    .conststring        cmd.o
    0x0800eef5   0x0800eef5   0x00000024   Data   RO            4    .rodata.name        main.o
    0x0800ef19   0x0800ef19   0x00000027   Data   RO         1505    .rodata.name        mem.o
    0x0800ef40   0x0800ef40   0x00000069   Data   RO         1696    .rodata.name        pin.o
    0x0800efa9   0x0800efa9   0x00000385   Data   RO         1798    .rodata.name        cmd.o
    0x0800f32e   0x0800f32e   0x00000021   Data   RO         1818    .rodata.name        msh.o
    0x0800f34f   0x0800f34f   0x0000007b   Data   RO         1834    .rodata.name        msh_cmd.o
    0x0800f3ca   0x0800f3ca   0x00000022   Data   RO         1856    .rodata.name        dynmem_sample.o
    0x0800f3ec   0x0800f3ec   0x00000020   Data   RO         1873    .rodata.name        event_sample.o
    0x0800f40c   0x0800f40c   0x00000028   Data   RO         1890    .rodata.name        idlehook_sample.o
    0x0800f434   0x0800f434   0x00000028   Data   RO         1907    .rodata.name        interrupt_sample.o
    0x0800f45c   0x0800f45c   0x00000024   Data   RO         1925    .rodata.name        mailbox_sample.o
    0x0800f480   0x0800f480   0x00000024   Data   RO         1943    .rodata.name        memp_sample.o
    0x0800f4a4   0x0800f4a4   0x0000001e   Data   RO         1960    .rodata.name        msgq_sample.o
    0x0800f4c2   0x0800f4c2   0x00000020   Data   RO         1978    .rodata.name        mutex_sample.o
    0x0800f4e2   0x0800f4e2   0x00000029   Data   RO         1995    .rodata.name        priority_inversion.o
    0x0800f50b   0x0800f50b   0x00000031   Data   RO         2013    .rodata.name        producer_consumer.o
    0x0800f53c   0x0800f53c   0x0000002b   Data   RO         2030    .rodata.name        scheduler_hook.o
    0x0800f567   0x0800f567   0x00000028   Data   RO         2048    .rodata.name        semaphore_sample.o
    0x0800f58f   0x0800f58f   0x00000022   Data   RO         2065    .rodata.name        signal_sample.o
    0x0800f5b1   0x0800f5b1   0x00000022   Data   RO         2083    .rodata.name        thread_sample.o
    0x0800f5d3   0x0800f5d3   0x00000020   Data   RO         2100    .rodata.name        timer_sample.o
    0x0800f5f3   0x0800f5f3   0x00000028   Data   RO         2116    .rodata.name        timeslice_sample.o
    0x0800f61b   0x0800f61b   0x00000001   PAD
    0x0800f61c   0x0800f61c   0x00000004   Data   RO         1398    .rti_fn.0           components.o
    0x0800f620   0x0800f620   0x00000004   Data   RO         1399    .rti_fn.0.end       components.o
    0x0800f624   0x0800f624   0x00000004   Data   RO          255    .rti_fn.1           drv_gpio.o
    0x0800f628   0x0800f628   0x00000004   Data   RO          285    .rti_fn.1           drv_usart.o
    0x0800f62c   0x0800f62c   0x00000004   Data   RO         1400    .rti_fn.1.end       components.o
    0x0800f630   0x0800f630   0x00000004   Data   RO         1758    .rti_fn.6           shell.o
    0x0800f634   0x0800f634   0x00000004   Data   RO         1401    .rti_fn.6.end       components.o
    0x0800f638   0x0800f638   0x0000000c   Data   RO            5    FSymTab             main.o
    0x0800f644   0x0800f644   0x0000000c   Data   RO         1506    FSymTab             mem.o
    0x0800f650   0x0800f650   0x00000024   Data   RO         1697    FSymTab             pin.o
    0x0800f674   0x0800f674   0x00000120   Data   RO         1799    FSymTab             cmd.o
    0x0800f794   0x0800f794   0x0000000c   Data   RO         1819    FSymTab             msh.o
    0x0800f7a0   0x0800f7a0   0x00000024   Data   RO         1835    FSymTab             msh_cmd.o
    0x0800f7c4   0x0800f7c4   0x0000000c   Data   RO         1857    FSymTab             dynmem_sample.o
    0x0800f7d0   0x0800f7d0   0x0000000c   Data   RO         1874    FSymTab             event_sample.o
    0x0800f7dc   0x0800f7dc   0x0000000c   Data   RO         1891    FSymTab             idlehook_sample.o
    0x0800f7e8   0x0800f7e8   0x0000000c   Data   RO         1908    FSymTab             interrupt_sample.o
    0x0800f7f4   0x0800f7f4   0x0000000c   Data   RO         1926    FSymTab             mailbox_sample.o
    0x0800f800   0x0800f800   0x0000000c   Data   RO         1944    FSymTab             memp_sample.o
    0x0800f80c   0x0800f80c   0x0000000c   Data   RO         1961    FSymTab             msgq_sample.o
    0x0800f818   0x0800f818   0x0000000c   Data   RO         1979    FSymTab             mutex_sample.o
    0x0800f824   0x0800f824   0x0000000c   Data   RO         1996    FSymTab             priority_inversion.o
    0x0800f830   0x0800f830   0x0000000c   Data   RO         2014    FSymTab             producer_consumer.o
    0x0800f83c   0x0800f83c   0x0000000c   Data   RO         2031    FSymTab             scheduler_hook.o
    0x0800f848   0x0800f848   0x0000000c   Data   RO         2049    FSymTab             semaphore_sample.o
    0x0800f854   0x0800f854   0x0000000c   Data   RO         2066    FSymTab             signal_sample.o
    0x0800f860   0x0800f860   0x0000000c   Data   RO         2084    FSymTab             thread_sample.o
    0x0800f86c   0x0800f86c   0x0000000c   Data   RO         2101    FSymTab             timer_sample.o
    0x0800f878   0x0800f878   0x0000000c   Data   RO         2117    FSymTab             timeslice_sample.o
    0x0800f884   0x0800f884   0x00000020   Data   RO         2168    Region$$Table       anon$$obj.o


    Execution Region RW_IRAM1 (Exec base: 0x20000000, Load base: 0x0800f8a4, Size: 0x00005cc8, Max: 0x00018000, ABSOLUTE, COMPRESSED[0x00000094])

    Exec Addr    Load Addr    Size         Type   Attr      Idx    E Section Name        Object

    0x20000000   COMPRESSED   0x00000004   Data   RW            3    .data               main.o
    0x20000004   COMPRESSED   0x000000c0   Data   RW          254    .data               drv_gpio.o
    0x200000c4   COMPRESSED   0x00000044   Data   RW          284    .data               drv_usart.o
    0x20000108   COMPRESSED   0x00000004   Data   RW          320    .data               system_stm32f1xx.o
    0x2000010c   COMPRESSED   0x00000004   Data   RW         1007    .data               stm32f1xx_hal.o
    0x20000110   COMPRESSED   0x00000004   Data   RW         1380    .data               clock.o
    0x20000114   COMPRESSED   0x00000009   Data   RW         1466    .data               irq.o
    0x2000011d   COMPRESSED   0x00000003   PAD
    0x20000120   COMPRESSED   0x0000000c   Data   RW         1483    .data               kservice.o
    0x2000012c   COMPRESSED   0x00000020   Data   RW         1504    .data               mem.o
    0x2000014c   COMPRESSED   0x00000008   Data   RW         1548    .data               mempool.o
    0x20000154   COMPRESSED   0x000000b4   Data   RW         1566    .data               object.o
    0x20000208   COMPRESSED   0x0000001c   Data   RW         1586    .data               scheduler.o
    0x20000224   COMPRESSED   0x00000004   Data   RW         1606    .data               signal.o
    0x20000228   COMPRESSED   0x00000010   Data   RW         1636    .data               timer.o
    0x20000238   COMPRESSED   0x0000000c   Data   RW         1656    .data               thread.o
    0x20000244   COMPRESSED   0x00000010   Data   RW         1675    .data               cpuport.o
    0x20000254   COMPRESSED   0x00000004   Data   RW         1757    .data               shell.o
    0x20000258   COMPRESSED   0x00000010   Data   RW         1779    .data               symbol.o
    0x20000268   COMPRESSED   0x00000008   Data   RW         1889    .data               idlehook_sample.o
    0x20000270   COMPRESSED   0x00000004   Data   RW         1906    .data               interrupt_sample.o
    0x20000274   COMPRESSED   0x00000027   Data   RW         1924    .data               mailbox_sample.o
    0x2000029b   COMPRESSED   0x00000001   PAD
    0x2000029c   COMPRESSED   0x00000008   Data   RW         1942    .data               memp_sample.o
    0x200002a4   COMPRESSED   0x00000006   Data   RW         1977    .data               mutex_sample.o
    0x200002aa   COMPRESSED   0x00000002   PAD
    0x200002ac   COMPRESSED   0x00000010   Data   RW         1994    .data               priority_inversion.o
    0x200002bc   COMPRESSED   0x00000010   Data   RW         2012    .data               producer_consumer.o
    0x200002cc   COMPRESSED   0x00000010   Data   RW         2029    .data               scheduler_hook.o
    0x200002dc   COMPRESSED   0x0000000d   Data   RW         2047    .data               semaphore_sample.o
    0x200002e9   COMPRESSED   0x00000003   PAD
    0x200002ec   COMPRESSED   0x00000004   Data   RW         2064    .data               signal_sample.o
    0x200002f0   COMPRESSED   0x00000004   Data   RW         2082    .data               thread_sample.o
    0x200002f4   COMPRESSED   0x0000000c   Data   RW         2099    .data               timer_sample.o
    0x20000300        -       0x00000494   Zero   RW            2    .bss                main.o
    0x20000794        -       0x00000054   Zero   RW          282    .bss                drv_usart.o
    0x200007e8        -       0x000001a4   Zero   RW         1429    .bss                idle.o
    0x2000098c        -       0x00000080   Zero   RW         1481    .bss                kservice.o
    0x20000a0c        -       0x00000020   Zero   RW         1501    .bss                mem.o
    0x20000a2c        -       0x00000100   Zero   RW         1584    .bss                scheduler.o
    0x20000b2c        -       0x00000044   Zero   RW         1694    .bss                pin.o
    0x20000b70        -       0x00000081   Zero   RW         1755    .bss                shell.o
    0x20000bf1   COMPRESSED   0x00000003   PAD
    0x20000bf4        -       0x00000948   Zero   RW         1872    .bss                event_sample.o
    0x2000153c        -       0x000009d8   Zero   RW         1923    .bss                mailbox_sample.o
    0x20001f14        -       0x00001100   Zero   RW         1941    .bss                memp_sample.o
    0x20003014        -       0x0000115c   Zero   RW         1959    .bss                msgq_sample.o
    0x20004170        -       0x00000928   Zero   RW         1976    .bss                mutex_sample.o
    0x20004a98        -       0x00000074   Zero   RW         2011    .bss                producer_consumer.o
    0x20004b0c        -       0x00000928   Zero   RW         2046    .bss                semaphore_sample.o
    0x20005434        -       0x00000494   Zero   RW         2081    .bss                thread_sample.o
    0x200058c8        -       0x00000400   Zero   RW         1372    STACK               startup_stm32f103xe.o


==============================================================================

Image component sizes


      Code (inc. data)   RO Data    RW Data    ZI Data      Debug   Object Name

       400         80         86          0          0     444258   board.o
       108          6          0          4          0       1384   clock.o
      3068       1334       1618          0          0      14859   cmd.o
       220         42         36          0          0       2630   components.o
       240         26          0          0          0        748   context_rvds.o
      1492        718         19         16          0       3851   cpuport.o
      1328        312        201          0          0       5618   device.o
      1404         44       2412        192          0       7522   drv_gpio.o
      1228        178        115         68         84      26395   drv_usart.o
       208         92         46          0          0       1599   dynmem_sample.o
       516        264         44          0       2376       1969   event_sample.o
       468         78         22          0        420       5280   idle.o
       312        136         52          8          0       1769   idlehook_sample.o
       184         58         52          4          0       1658   interrupt_sample.o
      7176       1040        849          0          0      22207   ipc.o
       124         14          0          9          0       1800   irq.o
      2736        228        290         12        128      12184   kservice.o
       404        174         48         39       2520       2121   mailbox_sample.o
       236         92         48          4       1172      24688   main.o
      2292        644        358         32         32       5399   mem.o
       352        118         48          8       4352       1901   memp_sample.o
      1264        264         62          8          0       6922   mempool.o
       604        296         42          0       4444       2057   msgq_sample.o
       872        136         59          0          0       4220   msh.o
        34          0        159          0          0       2203   msh_cmd.o
       432        178         44          6       2344       1901   mutex_sample.o
       888        186        128        180          0       8139   object.o
       592         94        267          0         68       9791   pin.o
       596        218         53         16          0       2121   priority_inversion.o
       728        290         61         16        116       2227   producer_consumer.o
       776        148         78         28        256       6457   scheduler.o
       216         82         55         16          0       1811   scheduler_hook.o
       508        264         52         13       2344       2017   semaphore_sample.o
      1328        148        181          0          0       5857   serial.o
      2236        222         95          4        129       5825   shell.o
      1476        172         72          4          0       8128   signal.o
       188         64         46          4          0       1732   signal_sample.o
        36          8        304          0       1024        864   startup_stm32f103xe.o
       348         30          0          4          0       4039   stm32f1xx_hal.o
       708         22          0          0          0      27246   stm32f1xx_hal_cortex.o
      3812         40          0          0          0       6613   stm32f1xx_hal_dma.o
         0          0          0          0          0     456630   stm32f1xx_hal_flash.o
      1256         42          0          0          0       3927   stm32f1xx_hal_gpio.o
      2216         94          0          0          0       5255   stm32f1xx_hal_rcc.o
      4618         46          0          0          0      15856   stm32f1xx_hal_uart.o
        16          0          0          0          0        829   stm32f1xx_it.o
         0          0          0         16          0       5017   symbol.o
       244         32         24          4          0       1729   system_stm32f1xx.o
      2040        416        251         12          0      10470   thread.o
       232         92         46          4       1172       1777   thread_sample.o
      1436        268         92         16          0       8579   timer.o
       260        128         44         12          0       1637   timer_sample.o
       180         66         52          0          0       1621   timeslice_sample.o

    ----------------------------------------------------------------------
     54640       9724       8656        768      22984    1213337   Object Totals
         0          0         32          0          0          0   (incl. Generated)
         4          0         13          9          3          0   (incl. Padding)

    ----------------------------------------------------------------------

      Code (inc. data)   RO Data    RW Data    ZI Data      Debug   Library Member Name

        86          0          0          0          0          0   __dczerorl2.o
         0          0          0          0          0          0   entry.o
         0          0          0          0          0          0   entry10a.o
         0          0          0          0          0          0   entry11a.o
         8          4          0          0          0          0   entry2.o
         4          0          0          0          0          0   entry5.o
         0          0          0          0          0          0   entry7b.o
         0          0          0          0          0          0   entry8b.o
         8          4          0          0          0          0   entry9a.o
        30          0          0          0          0          0   handlers.o
        36          8          0          0          0         68   init.o
        26          0          0          0          0         80   memcmp.o
        36          0          0          0          0         68   memcpya.o
        36          0          0          0          0        108   memseta.o
        24          0          0          0          0         68   strcat.o
        18          0          0          0          0         68   strcpy.o
        14          0          0          0          0         68   strlen.o
        30          0          0          0          0         80   strncmp.o

    ----------------------------------------------------------------------
       356         16          0          0          0        608   Library Totals
         0          0          0          0          0          0   (incl. Padding)

    ----------------------------------------------------------------------

      Code (inc. data)   RO Data    RW Data    ZI Data      Debug   Library Name

       356         16          0          0          0        608   mc_w.l

    ----------------------------------------------------------------------
       356         16          0          0          0        608   Library Totals

    ----------------------------------------------------------------------

==============================================================================


      Code (inc. data)   RO Data    RW Data    ZI Data      Debug   

     54996       9740       8656        768      22984    1209549   Grand Totals
     54996       9740       8656        148      22984    1209549   ELF Image Totals (compressed)
     54996       9740       8656        148          0          0   ROM Totals

==============================================================================

    Total RO  Size (Code + RO Data)                63652 (  62.16kB)
    Total RW  Size (RW Data + ZI Data)             23752 (  23.20kB)
    Total ROM Size (Code + RO Data + RW Data)      63800 (  62.30kB)

==============================================================================

